******************************************************************************
            TI ARM Clang Linker PC v2.1.3                      
******************************************************************************
>> Linked Mon Nov 13 16:03:18 2023

OUTPUT FILE NAME:   <ECE319K_Lab9.out>
ENTRY POINT SYMBOL: "_c_int00_noargs"  address: 00001cb9


MEMORY CONFIGURATION

         name            origin    length      used     unused   attr    fill
----------------------  --------  ---------  --------  --------  ----  --------
  FLASH                 00000000   00020000  00002528  0001dad8  R  X
  SRAM                  20200000   00008000  00000804  000077fc  RW X
  BCR_CONFIG            41c00000   00000080  00000000  00000080  R   
  BSL_CONFIG            41c00100   00000080  00000000  00000080  R   


SEGMENT ALLOCATION MAP

run origin  load origin   length   init length attrs members
----------  ----------- ---------- ----------- ----- -------
00000000    00000000    00002528   00002528    r-x
  00000000    00000000    000000c0   000000c0    r-- .intvecs
  000000c0    000000c0    00001db8   00001db8    r-x .text
  00001e78    00001e78    00000600   00000600    r-- .rodata
  00002478    00002478    000000b0   000000b0    r-- .cinit
20200000    20200000    00000607   00000000    rw-
  20200000    20200000    0000021d   00000000    rw- .data
  20200220    20200220    00000200   00000000    rw- .sysmem
  20200420    20200420    000001e7   00000000    rw- .bss
20207e00    20207e00    00000200   00000000    rw-
  20207e00    20207e00    00000200   00000000    rw- .stack


SECTION ALLOCATION MAP

 output                                  attributes/
section   page    origin      length       input sections
--------  ----  ----------  ----------   ----------------
.intvecs   0    00000000    000000c0     
                  00000000    000000c0     startup_mspm0g3507_ticlang.o (.intvecs)

.text      0    000000c0    00001db8     
                  000000c0    000001b4     Clock.o (.text.Clock_Init80MHz)
                  00000274    000001a0     ST7735.o (.text.ST7735_DrawCharS)
                  00000414    0000013c     libc.a : fopen.c.obj (.text._openfile)
                  00000550    0000013c            : memory.c.obj (.text.aligned_alloc)
                  0000068c    0000012c     Lab9Main.o (.text.main)
                  000007b8    00000118     ST7735.o (.text.ST7735_FillRect)
                  000008d0    00000100     libc.a : memory.c.obj (.text.free)
                  000009d0    000000f8     SPI.o (.text.SPI_Init)
                  00000ac8    000000e8     libsysbm.a : add_device.c.obj (.text.add_device)
                  00000bb0    000000e0     libc.a : setvbuf.c.obj (.text.setvbuf)
                  00000c90    000000d4     ST7735.o (.text.ST7735_OutChar)
                  00000d64    000000a8     libsysbm.a : open.c.obj (.text.open)
                  00000e0c    000000a2     ST7735.o (.text.commandList)
                  00000eae    00000002     Sound.o (.text.SysTick_Handler)
                  00000eb0    0000009c     ST7735.o (.text.ST7735_InitPrintf)
                  00000f4c    00000098     ST7735.o (.text.ST7735_InitR)
                  00000fe4    00000088     ST7735.o (.text.setAddrWindow)
                  0000106c    00000084     LaunchPad.o (.text.LaunchPad_Init)
                  000010f0    00000084     ST7735.o (.text.ST7735_DrawString)
                  00001174    00000084     ST7735.o (.text.ST7735_OutUDec)
                  000011f8    00000084     libc.a : fopen.c.obj (.text.fopen)
                  0000127c    0000007c            : fclose.c.obj (.text.__TI_closefile)
                  000012f8    00000070     ST7735.o (.text.ST7735_DrawPixel)
                  00001368    0000006c     libc.a : getdevice.c.obj (.text.getdevice)
                  000013d4    00000068     libsysbm.a : hostlseek.c.obj (.text.HOSTlseek)
                  0000143c    00000068                : hostrename.c.obj (.text.HOSTrename)
                  000014a4    00000068     libc.a : copy_decompress_lzss.c.obj (.text:decompress:lzss)
                  0000150c    00000064            : memory.c.obj (.text.split)
                  00001570    0000005c     libsysbm.a : hostopen.c.obj (.text.HOSTopen)
                  000015cc    00000058                : hostread.c.obj (.text.HOSTread)
                  00001624    00000058                : hostwrite.c.obj (.text.HOSTwrite)
                  0000167c    00000054     ST7735.o (.text.fillmessage)
                  000016d0    00000050     libc.a : fflush.c.obj (.text.__TI_doflush)
                  00001720    00000050     libsysbm.a : close.c.obj (.text.close)
                  00001770    00000048                : hostclose.c.obj (.text.HOSTclose)
                  000017b8    00000048                : hostunlink.c.obj (.text.HOSTunlink)
                  00001800    00000048     SPI.o (.text.SPI_OutCommand)
                  00001848    00000040     SPI.o (.text.SPI_Reset)
                  00001888    00000040     TExaS.o (.text.TIMG7_IRQHandler)
                  000018c8    00000040     libclang_rt.builtins.a : aeabi_uidivmod.S.obj (.text)
                  00001908    0000003c     libc.a : autoinit.c.obj (.text:__TI_auto_init_nobinit_nopinit)
                  00001944    00000038     LaunchPad.o (.text.ActivatePortA_B)
                  0000197c    00000038     SPI.o (.text.SPI_OutData)
                  000019b4    00000038     libc.a : getdevice.c.obj (.text.finddevice)
                  000019ec    00000034     Clock.o (.text.Clock_Delay1ms)
                  00001a20    00000034     ST7735.o (.text.ST7735_SetCursor)
                  00001a54    00000034     ST7735.o (.text.ST7735_write)
                  00001a88    00000034     libc.a : fopen.c.obj (.text.__TI_cleanup)
                  00001abc    00000034     libsysbm.a : trgmsg.c.obj (.text.__TI_readmsg)
                  00001af0    00000034                : trgmsg.c.obj (.text.__TI_writemsg)
                  00001b24    00000034     libc.a : exit.c.obj (.text.exit)
                  00001b58    00000034            : fopen.c.obj (.text.freopen)
                  00001b8c    00000030     ST7735.o (.text.commonInit)
                  00001bbc    0000002c     ST7735.o (.text.ST7735_FillScreen)
                  00001be8    0000002c     UART2.o (.text.UART2_IRQHandler)
                  00001c14    0000002c     libsysbm.a : unlink.c.obj (.text.unlink)
                  00001c40    00000028     Lab9Main.o (.text.TIMG12_IRQHandler)
                  00001c68    00000028     libc.a : memory.c.obj (.text.free_list_insert)
                  00001c90    00000028     libsysbm.a : write.c.obj (.text.write)
                  00001cb8    00000028     libc.a : boot_cortex_m.c.obj (.text:_c_int00_noargs)
                  00001ce0    00000026     ST7735.o (.text.ST7735_OutString)
                  00001d06    0000001e     ST7735.o (.text.pushColor)
                  00001d24    0000001c     libc.a : memory.c.obj (.text.free_list_remove)
                  00001d40    0000001c     libclang_rt.builtins.a : aeabi_memset.S.obj (.text)
                  00001d5c    00000016     ST7735.o (.text.ST7735_open)
                  00001d72    00000016     ST7735.o (.text.ST7735_read)
                  00001d88    00000014     libc.a : copy_zero_init.c.obj (.text:decompress:ZI:__TI_zero_init_nomemset)
                  00001d9c    00000012            : memcpy16.S.obj (.text:TI_memcpy_small)
                  00001dae    00000012            : copy_decompress_none.c.obj (.text:decompress:none)
                  00001dc0    00000010     Clock.o (.text.Clock_Delay)
                  00001dd0    0000000e     ST7735.o (.text.ST7735_lseek)
                  00001dde    0000000e     libsysbm.a : hostrename.c.obj (.text.strcpy)
                  00001dec    0000000e                : hostrename.c.obj (.text.strlen)
                  00001dfa    0000000e     libc.a : memset16.S.obj (.text:TI_memset_small)
                  00001e08    0000000c     Clock.o (.text.Clock_Freq)
                  00001e14    0000000c     ST7735.o (.text.ST7735_rename)
                  00001e20    0000000c     libc.a : memory.c.obj (.text.malloc)
                  00001e2c    0000000a     Lab9Main.o (.text.PLL_Init)
                  00001e36    0000000a     ST7735.o (.text.ST7735_close)
                  00001e40    0000000a     ST7735.o (.text.ST7735_unlink)
                  00001e4a    00000008     libsysbm.a : remove.c.obj (.text.remove)
                  00001e52    00000002     libclang_rt.builtins.a : aeabi_div0.c.obj (.text.__aeabi_idiv0)
                  00001e54    00000008                            : aeabi_memcpy.S.obj (.text)
                  00001e5c    00000004     startup_mspm0g3507_ticlang.o (.text.Default_Handler)
                  00001e60    00000004     startup_mspm0g3507_ticlang.o (.text.HardFault_Handler)
                  00001e64    00000004     startup_mspm0g3507_ticlang.o (.text.Reset_Handler)
                  00001e68    00000004     libc.a : pre_init.c.obj (.text._system_pre_init)
                  00001e6c    00000004            : exit.c.obj (.text:abort)
                  00001e70    00000002            : _lock.c.obj (.text._nop)
                  00001e72    00000006     --HOLE-- [fill = 0]

.cinit     0    00002478    000000b0     
                  00002478    0000008b     (.cinit..data.load) [load image, compression = lzss]
                  00002503    00000001     --HOLE-- [fill = 0]
                  00002504    0000000c     (__TI_handler_table)
                  00002510    00000008     (.cinit..bss.load) [load image, compression = zero_init]
                  00002518    00000010     (__TI_cinit_table)

.rodata    0    00001e78    00000600     
                  00001e78    000004fb     ST7735.o (.rodata.Font)
                  00002373    0000003b     ST7735.o (.rodata.Rcmd1)
                  000023ae    0000002e     ST7735.o (.rodata.str1.1)
                  000023dc    0000002b     ST7735.o (.rodata.Rcmd3)
                  00002407    0000000d     ST7735.o (.rodata.Rcmd2green)
                  00002414    0000000d     ST7735.o (.rodata.Rcmd2red)
                  00002421    0000000a     Lab9Main.o (.rodata.Goodbye_French)
                  0000242b    0000000a     Lab9Main.o (.rodata.Language_Portuguese)
                  00002435    00000009     Lab9Main.o (.rodata.Language_French)
                  0000243e    00000008     Lab9Main.o (.rodata.Goodbye_English)
                  00002446    00000008     Lab9Main.o (.rodata.Language_English)
                  0000244e    00000008     Lab9Main.o (.rodata.Language_Spanish)
                  00002456    00000007     Lab9Main.o (.rodata.Hello_Spanish)
                  0000245d    00000006     Lab9Main.o (.rodata.Goodbye_Portuguese)
                  00002463    00000006     Lab9Main.o (.rodata.Goodbye_Spanish)
                  00002469    00000006     Lab9Main.o (.rodata.Hello_English)
                  0000246f    00000005     Lab9Main.o (.rodata.Hello_French)
                  00002474    00000004     Lab9Main.o (.rodata.Hello_Portuguese)

.init_array 
*          0    00000000    00000000     UNINITIALIZED

.binit     0    00000000    00000000     

.data      0    20200000    0000021d     UNINITIALIZED
                  20200000    000000f0     libc.a : defs.c.obj (.data._ftable)
                  202000f0    00000078     libsysbm.a : host_device.c.obj (.data._device)
                  20200168    00000050                : host_device.c.obj (.data._stream)
                  202001b8    00000030     Lab9Main.o (.data.Phrases)
                  202001e8    00000008     libc.a : exit.c.obj (.data..L_MergedGlobals)
                  202001f0    00000004     Clock.o (.data.BusFreq)
                  202001f4    00000004     ST7735.o (.data.StX)
                  202001f8    00000004     ST7735.o (.data.StY)
                  202001fc    00000004     libc.a : defs.c.obj (.data.__TI_ft_end)
                  20200200    00000004            : _lock.c.obj (.data._lock)
                  20200204    00000004            : _lock.c.obj (.data._unlock)
                  20200208    00000002     ST7735.o (.data.StTextColor)
                  2020020a    00000002     ST7735.o (.data._height)
                  2020020c    00000002     ST7735.o (.data._width)
                  2020020e    00000002     --HOLE--
                  20200210    00000001     libc.a : fopen.c.obj (.data._search_fp.init)
                  20200211    00000003     --HOLE--
                  20200214    00000001     libsysbm.a : add_device.c.obj (.data.add_device.device_init)
                  20200215    00000003     --HOLE--
                  20200218    00000001     libc.a : memory.c.obj (.data.memory_is_initialized)
                  20200219    00000003     --HOLE--
                  2020021c    00000001     libsysbm.a : open.c.obj (.data.open.stream_init)

.sysmem    0    20200220    00000200     UNINITIALIZED
                  20200220    00000010     libc.a : memory.c.obj (.sysmem)
                  20200230    000001f0     --HOLE--

.bss       0    20200420    000001e7     UNINITIALIZED
                  20200420    00000120     libsysbm.a : trgmsg.c.obj (.bss:_CIOBUF_)
                  20200540    000000a0     (.common:__TI_tmpnams)
                  202005e0    0000000c     (.common:Message)
                  202005ec    00000008     (.common:parmbuf)
                  202005f4    00000004     libc.a : memory.c.obj (.bss.sys_free)
                  202005f8    00000004     (.common:Messageindex)
                  202005fc    00000004     (.common:TExaSLogic)
                  20200600    00000004     (.common:TExaSadc)
                  20200604    00000001     ST7735.o (.bss.ColStart)
                  20200605    00000001     ST7735.o (.bss.RowStart)
                  20200606    00000001     ST7735.o (.bss.TabColor)

.stack     0    20207e00    00000200     UNINITIALIZED
                  20207e00    00000004     libc.a : boot_cortex_m.c.obj (.stack)
                  20207e04    000001fc     --HOLE--

__llvm_prf_cnts 
*          0    20200000    00000000     UNINITIALIZED

__llvm_prf_bits 
*          0    20200000    00000000     UNINITIALIZED

MODULE SUMMARY

       Module                         code   ro data   rw data
       ------                         ----   -------   -------
    .\
       ST7735.o                       2328   1449      33     
       Clock.o                        516    0         4      
       Lab9Main.o                     350    87        48     
       SPI.o                          440    0         0      
       LaunchPad.o                    188    0         0      
       TExaS.o                        64     0         8      
       UART2.o                        44     0         0      
       Sound.o                        2      0         0      
    +--+------------------------------+------+---------+---------+
       Total:                         3932   1536      93     
                                                              
    .\ticlang\
       startup_mspm0g3507_ticlang.o   12     192       0      
    +--+------------------------------+------+---------+---------+
       Total:                         12     192       0      
                                                              
    C:\ti\ccs1240\ccs\tools\compiler\ti-cgt-armllvm_2.1.3.LTS\lib\armv6m-ti-none-eabi/c/libc.a
       memory.c.obj                   752    0         5      
       fopen.c.obj                    552    0         1      
       defs.c.obj                     0      0         404    
       setvbuf.c.obj                  224    0         0      
       getdevice.c.obj                164    0         0      
       fclose.c.obj                   124    0         0      
       copy_decompress_lzss.c.obj     104    0         0      
       fflush.c.obj                   80     0         0      
       exit.c.obj                     56     0         8      
       autoinit.c.obj                 60     0         0      
       boot_cortex_m.c.obj            40     0         0      
       copy_zero_init.c.obj           20     0         0      
       copy_decompress_none.c.obj     18     0         0      
       memcpy16.S.obj                 18     0         0      
       memset16.S.obj                 14     0         0      
       _lock.c.obj                    2      0         8      
       pre_init.c.obj                 4      0         0      
    +--+------------------------------+------+---------+---------+
       Total:                         2232   0         426    
                                                              
    C:\ti\ccs1240\ccs\tools\compiler\ti-cgt-armllvm_2.1.3.LTS\lib\armv6m-ti-none-eabi/c/libsysbm.a
       trgmsg.c.obj                   104    0         288    
       add_device.c.obj               232    0         1      
       host_device.c.obj              0      0         200    
       open.c.obj                     168    0         1      
       hostrename.c.obj               132    0         0      
       hostlseek.c.obj                104    0         0      
       hostopen.c.obj                 92     0         8      
       hostread.c.obj                 88     0         0      
       hostwrite.c.obj                88     0         0      
       close.c.obj                    80     0         0      
       hostclose.c.obj                72     0         0      
       hostunlink.c.obj               72     0         0      
       unlink.c.obj                   44     0         0      
       write.c.obj                    40     0         0      
       remove.c.obj                   8      0         0      
    +--+------------------------------+------+---------+---------+
       Total:                         1324   0         498    
                                                              
    C:\ti\ccs1240\ccs\tools\compiler\ti-cgt-armllvm_2.1.3.LTS\lib\clang/14.0.6/lib/armv6m-ti-none-eabi/libclang_rt.builtins.a
       aeabi_uidivmod.S.obj           64     0         0      
       aeabi_memset.S.obj             28     0         0      
       aeabi_memcpy.S.obj             8      0         0      
       aeabi_div0.c.obj               2      0         0      
    +--+------------------------------+------+---------+---------+
       Total:                         102    0         0      
                                                              
       Heap:                          0      0         512    
       Stack:                         0      0         512    
       Linker Generated:              0      175       0      
    +--+------------------------------+------+---------+---------+
       Grand Total:                   7602   1903      2041   


LINKER GENERATED COPY TABLES

__TI_cinit_table @ 00002518 records: 2, size/record: 8, table size: 16
	.data: load addr=00002478, load size=0000008b bytes, run addr=20200000, run size=0000021d bytes, compression=lzss
	.bss: load addr=00002510, load size=00000008 bytes, run addr=20200420, run size=000001e7 bytes, compression=zero_init


LINKER GENERATED HANDLER TABLE

__TI_handler_table @ 00002504 records: 3, size/record: 4, table size: 12
	index: 0, handler: __TI_decompress_lzss
	index: 1, handler: __TI_decompress_none
	index: 2, handler: __TI_zero_init


GLOBAL SYMBOLS: SORTED ALPHABETICALLY BY Name 

address   name                          
-------   ----                          
00001e5d  ADC0_IRQHandler               
00001e5d  ADC1_IRQHandler               
00001e5d  AES_IRQHandler                
00001945  ActivatePortA_B               
202001f0  BusFreq                       
00001e6c  C$$EXIT                       
00001b1b  C$$IO$$                       
00001e5d  CANFD0_IRQHandler             
00001dc1  Clock_Delay                   
000019ed  Clock_Delay1ms                
00001e09  Clock_Freq                    
000000c1  Clock_Init80MHz               
00001e5d  DAC0_IRQHandler               
00001e5d  DMA_IRQHandler                
00001e5d  Default_Handler               
00001e5d  GROUP0_IRQHandler             
00001e5d  GROUP1_IRQHandler             
0000243e  Goodbye_English               
00002421  Goodbye_French                
0000245d  Goodbye_Portuguese            
00002463  Goodbye_Spanish               
00001771  HOSTclose                     
000013d5  HOSTlseek                     
00001571  HOSTopen                      
000015cd  HOSTread                      
0000143d  HOSTrename                    
000017b9  HOSTunlink                    
00001625  HOSTwrite                     
00001e61  HardFault_Handler             
00002469  Hello_English                 
0000246f  Hello_French                  
00002474  Hello_Portuguese              
00002456  Hello_Spanish                 
00001e5d  I2C0_IRQHandler               
00001e5d  I2C1_IRQHandler               
00002446  Language_English              
00002435  Language_French               
0000242b  Language_Portuguese           
0000244e  Language_Spanish              
0000106d  LaunchPad_Init                
202005e0  Message                       
202005f8  Messageindex                  
00001e5d  NMI_Handler                   
00001e2d  PLL_Init                      
00001e5d  PendSV_Handler                
202001b8  Phrases                       
00001e5d  RTC_IRQHandler                
00001e65  Reset_Handler                 
00001e5d  SPI0_IRQHandler               
00001e5d  SPI1_IRQHandler               
000009d1  SPI_Init                      
00001801  SPI_OutCommand                
0000197d  SPI_OutData                   
00001849  SPI_Reset                     
00000275  ST7735_DrawCharS              
000012f9  ST7735_DrawPixel              
000010f1  ST7735_DrawString             
000007b9  ST7735_FillRect               
00001bbd  ST7735_FillScreen             
00000eb1  ST7735_InitPrintf             
00000f4d  ST7735_InitR                  
00000c91  ST7735_OutChar                
00001ce1  ST7735_OutString              
00001175  ST7735_OutUDec                
00001a21  ST7735_SetCursor              
00001e37  ST7735_close                  
00001dd1  ST7735_lseek                  
00001d5d  ST7735_open                   
00001d73  ST7735_read                   
00001e15  ST7735_rename                 
00001e41  ST7735_unlink                 
00001a55  ST7735_write                  
00001e5d  SVC_Handler                   
20200208  StTextColor                   
202001f4  StX                           
202001f8  StY                           
00000eaf  SysTick_Handler               
202005fc  TExaSLogic                    
20200600  TExaSadc                      
00001e5d  TIMA0_IRQHandler              
00001e5d  TIMA1_IRQHandler              
00001e5d  TIMG0_IRQHandler              
00001c41  TIMG12_IRQHandler             
00001e5d  TIMG6_IRQHandler              
00001889  TIMG7_IRQHandler              
00001e5d  TIMG8_IRQHandler              
00001d9d  TI_memcpy_small               
00001dfb  TI_memset_small               
00001e5d  UART0_IRQHandler              
00001e5d  UART1_IRQHandler              
00001be9  UART2_IRQHandler              
00001e5d  UART3_IRQHandler              
20200420  _CIOBUF_                      
20200420  __CIOBUF_                     
20208000  __STACK_END                   
00000200  __STACK_SIZE                  
00000200  __SYSMEM_SIZE                 
00002518  __TI_CINIT_Base               
00002528  __TI_CINIT_Limit              
00002528  __TI_CINIT_Warm               
00002504  __TI_Handler_Table_Base       
00002510  __TI_Handler_Table_Limit      
00001909  __TI_auto_init_nobinit_nopinit
00001a89  __TI_cleanup                  
202001e8  __TI_cleanup_ptr              
0000127d  __TI_closefile                
000014a5  __TI_decompress_lzss          
00001daf  __TI_decompress_none          
000016d1  __TI_doflush                  
202001ec  __TI_dtors_ptr                
202001fc  __TI_ft_end                   
ffffffff  __TI_pprof_out_hndl           
ffffffff  __TI_prof_data_size           
ffffffff  __TI_prof_data_start          
00001abd  __TI_readmsg                  
00000000  __TI_static_base__            
20200540  __TI_tmpnams                  
00001af1  __TI_writemsg                 
00001d89  __TI_zero_init_nomemset       
00001e53  __aeabi_idiv0                 
00001d51  __aeabi_memclr                
00001d51  __aeabi_memclr4               
00001d51  __aeabi_memclr8               
00001e55  __aeabi_memcpy                
00001e55  __aeabi_memcpy4               
00001e55  __aeabi_memcpy8               
00001d41  __aeabi_memset                
00001d41  __aeabi_memset4               
00001d41  __aeabi_memset8               
000018c9  __aeabi_uidiv                 
000018c9  __aeabi_uidivmod              
ffffffff  __binit__                     
UNDEFED   __mpu_init                    
20207e00  __stack                       
20200000  __start___llvm_prf_bits       
20200000  __start___llvm_prf_cnts       
20200000  __stop___llvm_prf_bits        
20200000  __stop___llvm_prf_cnts        
00001cb9  _c_int00_noargs               
202000f0  _device                       
20200000  _ftable                       
20200200  _lock                         
00001e71  _nop                          
20200168  _stream                       
20200220  _sys_memory                   
UNDEFED   _system_post_cinit            
00001e69  _system_pre_init              
20200204  _unlock                       
00001e6d  abort                         
00000ac9  add_device                    
00000551  aligned_alloc                 
ffffffff  binit                         
00001721  close                         
00001b25  exit                          
0000167d  fillmessage                   
000019b5  finddevice                    
000011f9  fopen                         
000008d1  free                          
00001b59  freopen                       
00001369  getdevice                     
00000000  interruptVectors              
0000068d  main                          
00001e21  malloc                        
00000551  memalign                      
00000d65  open                          
202005ec  parmbuf                       
00001e4b  remove                        
00000bb1  setvbuf                       
00001c15  unlink                        
00001c91  write                         


GLOBAL SYMBOLS: SORTED BY Symbol Address 

address   name                          
-------   ----                          
00000000  __TI_static_base__            
00000000  interruptVectors              
000000c1  Clock_Init80MHz               
00000200  __STACK_SIZE                  
00000200  __SYSMEM_SIZE                 
00000275  ST7735_DrawCharS              
00000551  aligned_alloc                 
00000551  memalign                      
0000068d  main                          
000007b9  ST7735_FillRect               
000008d1  free                          
000009d1  SPI_Init                      
00000ac9  add_device                    
00000bb1  setvbuf                       
00000c91  ST7735_OutChar                
00000d65  open                          
00000eaf  SysTick_Handler               
00000eb1  ST7735_InitPrintf             
00000f4d  ST7735_InitR                  
0000106d  LaunchPad_Init                
000010f1  ST7735_DrawString             
00001175  ST7735_OutUDec                
000011f9  fopen                         
0000127d  __TI_closefile                
000012f9  ST7735_DrawPixel              
00001369  getdevice                     
000013d5  HOSTlseek                     
0000143d  HOSTrename                    
000014a5  __TI_decompress_lzss          
00001571  HOSTopen                      
000015cd  HOSTread                      
00001625  HOSTwrite                     
0000167d  fillmessage                   
000016d1  __TI_doflush                  
00001721  close                         
00001771  HOSTclose                     
000017b9  HOSTunlink                    
00001801  SPI_OutCommand                
00001849  SPI_Reset                     
00001889  TIMG7_IRQHandler              
000018c9  __aeabi_uidiv                 
000018c9  __aeabi_uidivmod              
00001909  __TI_auto_init_nobinit_nopinit
00001945  ActivatePortA_B               
0000197d  SPI_OutData                   
000019b5  finddevice                    
000019ed  Clock_Delay1ms                
00001a21  ST7735_SetCursor              
00001a55  ST7735_write                  
00001a89  __TI_cleanup                  
00001abd  __TI_readmsg                  
00001af1  __TI_writemsg                 
00001b1b  C$$IO$$                       
00001b25  exit                          
00001b59  freopen                       
00001bbd  ST7735_FillScreen             
00001be9  UART2_IRQHandler              
00001c15  unlink                        
00001c41  TIMG12_IRQHandler             
00001c91  write                         
00001cb9  _c_int00_noargs               
00001ce1  ST7735_OutString              
00001d41  __aeabi_memset                
00001d41  __aeabi_memset4               
00001d41  __aeabi_memset8               
00001d51  __aeabi_memclr                
00001d51  __aeabi_memclr4               
00001d51  __aeabi_memclr8               
00001d5d  ST7735_open                   
00001d73  ST7735_read                   
00001d89  __TI_zero_init_nomemset       
00001d9d  TI_memcpy_small               
00001daf  __TI_decompress_none          
00001dc1  Clock_Delay                   
00001dd1  ST7735_lseek                  
00001dfb  TI_memset_small               
00001e09  Clock_Freq                    
00001e15  ST7735_rename                 
00001e21  malloc                        
00001e2d  PLL_Init                      
00001e37  ST7735_close                  
00001e41  ST7735_unlink                 
00001e4b  remove                        
00001e53  __aeabi_idiv0                 
00001e55  __aeabi_memcpy                
00001e55  __aeabi_memcpy4               
00001e55  __aeabi_memcpy8               
00001e5d  ADC0_IRQHandler               
00001e5d  ADC1_IRQHandler               
00001e5d  AES_IRQHandler                
00001e5d  CANFD0_IRQHandler             
00001e5d  DAC0_IRQHandler               
00001e5d  DMA_IRQHandler                
00001e5d  Default_Handler               
00001e5d  GROUP0_IRQHandler             
00001e5d  GROUP1_IRQHandler             
00001e5d  I2C0_IRQHandler               
00001e5d  I2C1_IRQHandler               
00001e5d  NMI_Handler                   
00001e5d  PendSV_Handler                
00001e5d  RTC_IRQHandler                
00001e5d  SPI0_IRQHandler               
00001e5d  SPI1_IRQHandler               
00001e5d  SVC_Handler                   
00001e5d  TIMA0_IRQHandler              
00001e5d  TIMA1_IRQHandler              
00001e5d  TIMG0_IRQHandler              
00001e5d  TIMG6_IRQHandler              
00001e5d  TIMG8_IRQHandler              
00001e5d  UART0_IRQHandler              
00001e5d  UART1_IRQHandler              
00001e5d  UART3_IRQHandler              
00001e61  HardFault_Handler             
00001e65  Reset_Handler                 
00001e69  _system_pre_init              
00001e6c  C$$EXIT                       
00001e6d  abort                         
00001e71  _nop                          
00002421  Goodbye_French                
0000242b  Language_Portuguese           
00002435  Language_French               
0000243e  Goodbye_English               
00002446  Language_English              
0000244e  Language_Spanish              
00002456  Hello_Spanish                 
0000245d  Goodbye_Portuguese            
00002463  Goodbye_Spanish               
00002469  Hello_English                 
0000246f  Hello_French                  
00002474  Hello_Portuguese              
00002504  __TI_Handler_Table_Base       
00002510  __TI_Handler_Table_Limit      
00002518  __TI_CINIT_Base               
00002528  __TI_CINIT_Limit              
00002528  __TI_CINIT_Warm               
20200000  __start___llvm_prf_bits       
20200000  __start___llvm_prf_cnts       
20200000  __stop___llvm_prf_bits        
20200000  __stop___llvm_prf_cnts        
20200000  _ftable                       
202000f0  _device                       
20200168  _stream                       
202001b8  Phrases                       
202001e8  __TI_cleanup_ptr              
202001ec  __TI_dtors_ptr                
202001f0  BusFreq                       
202001f4  StX                           
202001f8  StY                           
202001fc  __TI_ft_end                   
20200200  _lock                         
20200204  _unlock                       
20200208  StTextColor                   
20200220  _sys_memory                   
20200420  _CIOBUF_                      
20200420  __CIOBUF_                     
20200540  __TI_tmpnams                  
202005e0  Message                       
202005ec  parmbuf                       
202005f8  Messageindex                  
202005fc  TExaSLogic                    
20200600  TExaSadc                      
20207e00  __stack                       
20208000  __STACK_END                   
ffffffff  __TI_pprof_out_hndl           
ffffffff  __TI_prof_data_size           
ffffffff  __TI_prof_data_start          
ffffffff  __binit__                     
ffffffff  binit                         
UNDEFED   __mpu_init                    
UNDEFED   _system_post_cinit            

[170 symbols]
