<?xml version="1.0" encoding="ISO-8859-1" ?>
<link_info>
   <banner>TI ARM Clang Linker PC v2.1.3.LTS</banner>
   <copyright>Copyright (c) 1996-2018 Texas Instruments Incorporated</copyright>
   <link_time>0x65529d26</link_time>
   <link_errors>0x0</link_errors>
   <output_file>ECE319K_Lab9.out</output_file>
   <entry_point>
      <name>_c_int00_noargs</name>
      <address>0x1cb9</address>
   </entry_point>
   <input_file_list>
      <input_file id="fl-1">
         <path>.\</path>
         <kind>object</kind>
         <file>ADC1.o</file>
         <name>ADC1.o</name>
      </input_file>
      <input_file id="fl-2">
         <path>.\</path>
         <kind>object</kind>
         <file>Clock.o</file>
         <name>Clock.o</name>
      </input_file>
      <input_file id="fl-3">
         <path>.\</path>
         <kind>object</kind>
         <file>DAC5.o</file>
         <name>DAC5.o</name>
      </input_file>
      <input_file id="fl-4">
         <path>.\</path>
         <kind>object</kind>
         <file>FIFO1.o</file>
         <name>FIFO1.o</name>
      </input_file>
      <input_file id="fl-5">
         <path>.\</path>
         <kind>object</kind>
         <file>LED.o</file>
         <name>LED.o</name>
      </input_file>
      <input_file id="fl-6">
         <path>.\</path>
         <kind>object</kind>
         <file>Lab9Main.o</file>
         <name>Lab9Main.o</name>
      </input_file>
      <input_file id="fl-7">
         <path>.\</path>
         <kind>object</kind>
         <file>LaunchPad.o</file>
         <name>LaunchPad.o</name>
      </input_file>
      <input_file id="fl-8">
         <path>.\</path>
         <kind>object</kind>
         <file>SPI.o</file>
         <name>SPI.o</name>
      </input_file>
      <input_file id="fl-9">
         <path>.\</path>
         <kind>object</kind>
         <file>ST7735.o</file>
         <name>ST7735.o</name>
      </input_file>
      <input_file id="fl-a">
         <path>.\</path>
         <kind>object</kind>
         <file>SmallFont.o</file>
         <name>SmallFont.o</name>
      </input_file>
      <input_file id="fl-b">
         <path>.\</path>
         <kind>object</kind>
         <file>Sound.o</file>
         <name>Sound.o</name>
      </input_file>
      <input_file id="fl-c">
         <path>.\</path>
         <kind>object</kind>
         <file>Switch.o</file>
         <name>Switch.o</name>
      </input_file>
      <input_file id="fl-d">
         <path>.\</path>
         <kind>object</kind>
         <file>TExaS.o</file>
         <name>TExaS.o</name>
      </input_file>
      <input_file id="fl-e">
         <path>.\</path>
         <kind>object</kind>
         <file>Timer.o</file>
         <name>Timer.o</name>
      </input_file>
      <input_file id="fl-f">
         <path>.\</path>
         <kind>object</kind>
         <file>UART1.o</file>
         <name>UART1.o</name>
      </input_file>
      <input_file id="fl-10">
         <path>.\</path>
         <kind>object</kind>
         <file>UART2.o</file>
         <name>UART2.o</name>
      </input_file>
      <input_file id="fl-11">
         <path>.\images\pipedreams\</path>
         <kind>object</kind>
         <file>PipeSound.o</file>
         <name>PipeSound.o</name>
      </input_file>
      <input_file id="fl-12">
         <path>.\ticlang\</path>
         <kind>object</kind>
         <file>startup_mspm0g3507_ticlang.o</file>
         <name>startup_mspm0g3507_ticlang.o</name>
      </input_file>
      <input_file id="fl-1e">
         <kind>object</kind>
         <file>&lt;internal&gt;</file>
         <name>&lt;internal&gt;</name>
      </input_file>
      <input_file id="fl-2a">
         <path>C:\ti\ccs1240\ccs\tools\compiler\ti-cgt-armllvm_2.1.3.LTS\lib\armv6m-ti-none-eabi\c\</path>
         <kind>archive</kind>
         <file>libc.a</file>
         <name>fopen.c.obj</name>
      </input_file>
      <input_file id="fl-2b">
         <path>C:\ti\ccs1240\ccs\tools\compiler\ti-cgt-armllvm_2.1.3.LTS\lib\armv6m-ti-none-eabi\c\</path>
         <kind>archive</kind>
         <file>libc.a</file>
         <name>setvbuf.c.obj</name>
      </input_file>
      <input_file id="fl-2c">
         <path>C:\ti\ccs1240\ccs\tools\compiler\ti-cgt-armllvm_2.1.3.LTS\lib\armv6m-ti-none-eabi\c\</path>
         <kind>archive</kind>
         <file>libc.a</file>
         <name>exit.c.obj</name>
      </input_file>
      <input_file id="fl-2d">
         <path>C:\ti\ccs1240\ccs\tools\compiler\ti-cgt-armllvm_2.1.3.LTS\lib\armv6m-ti-none-eabi\c\</path>
         <kind>archive</kind>
         <file>libc.a</file>
         <name>_lock.c.obj</name>
      </input_file>
      <input_file id="fl-2e">
         <path>C:\ti\ccs1240\ccs\tools\compiler\ti-cgt-armllvm_2.1.3.LTS\lib\armv6m-ti-none-eabi\c\</path>
         <kind>archive</kind>
         <file>libc.a</file>
         <name>defs.c.obj</name>
      </input_file>
      <input_file id="fl-2f">
         <path>C:\ti\ccs1240\ccs\tools\compiler\ti-cgt-armllvm_2.1.3.LTS\lib\armv6m-ti-none-eabi\c\</path>
         <kind>archive</kind>
         <file>libc.a</file>
         <name>memory.c.obj</name>
      </input_file>
      <input_file id="fl-30">
         <path>C:\ti\ccs1240\ccs\tools\compiler\ti-cgt-armllvm_2.1.3.LTS\lib\armv6m-ti-none-eabi\c\</path>
         <kind>archive</kind>
         <file>libc.a</file>
         <name>copy_zero_init.c.obj</name>
      </input_file>
      <input_file id="fl-31">
         <path>C:\ti\ccs1240\ccs\tools\compiler\ti-cgt-armllvm_2.1.3.LTS\lib\armv6m-ti-none-eabi\c\</path>
         <kind>archive</kind>
         <file>libc.a</file>
         <name>copy_decompress_none.c.obj</name>
      </input_file>
      <input_file id="fl-32">
         <path>C:\ti\ccs1240\ccs\tools\compiler\ti-cgt-armllvm_2.1.3.LTS\lib\armv6m-ti-none-eabi\c\</path>
         <kind>archive</kind>
         <file>libc.a</file>
         <name>copy_decompress_lzss.c.obj</name>
      </input_file>
      <input_file id="fl-33">
         <path>C:\ti\ccs1240\ccs\tools\compiler\ti-cgt-armllvm_2.1.3.LTS\lib\armv6m-ti-none-eabi\c\</path>
         <kind>archive</kind>
         <file>libc.a</file>
         <name>boot_cortex_m.c.obj</name>
      </input_file>
      <input_file id="fl-34">
         <path>C:\ti\ccs1240\ccs\tools\compiler\ti-cgt-armllvm_2.1.3.LTS\lib\armv6m-ti-none-eabi\c\</path>
         <kind>archive</kind>
         <file>libc.a</file>
         <name>mathacl_init.c.obj</name>
      </input_file>
      <input_file id="fl-35">
         <path>C:\ti\ccs1240\ccs\tools\compiler\ti-cgt-armllvm_2.1.3.LTS\lib\armv6m-ti-none-eabi\c\</path>
         <kind>archive</kind>
         <file>libc.a</file>
         <name>abs.c.obj</name>
      </input_file>
      <input_file id="fl-36">
         <path>C:\ti\ccs1240\ccs\tools\compiler\ti-cgt-armllvm_2.1.3.LTS\lib\armv6m-ti-none-eabi\c\</path>
         <kind>archive</kind>
         <file>libc.a</file>
         <name>fclose.c.obj</name>
      </input_file>
      <input_file id="fl-37">
         <path>C:\ti\ccs1240\ccs\tools\compiler\ti-cgt-armllvm_2.1.3.LTS\lib\armv6m-ti-none-eabi\c\</path>
         <kind>archive</kind>
         <file>libc.a</file>
         <name>fflush.c.obj</name>
      </input_file>
      <input_file id="fl-38">
         <path>C:\ti\ccs1240\ccs\tools\compiler\ti-cgt-armllvm_2.1.3.LTS\lib\armv6m-ti-none-eabi\c\</path>
         <kind>archive</kind>
         <file>libc.a</file>
         <name>args_main.c.obj</name>
      </input_file>
      <input_file id="fl-39">
         <path>C:\ti\ccs1240\ccs\tools\compiler\ti-cgt-armllvm_2.1.3.LTS\lib\armv6m-ti-none-eabi\c\</path>
         <kind>archive</kind>
         <file>libc.a</file>
         <name>autoinit.c.obj</name>
      </input_file>
      <input_file id="fl-3a">
         <path>C:\ti\ccs1240\ccs\tools\compiler\ti-cgt-armllvm_2.1.3.LTS\lib\armv6m-ti-none-eabi\c\</path>
         <kind>archive</kind>
         <file>libc.a</file>
         <name>pre_init.c.obj</name>
      </input_file>
      <input_file id="fl-3b">
         <path>C:\ti\ccs1240\ccs\tools\compiler\ti-cgt-armllvm_2.1.3.LTS\lib\armv6m-ti-none-eabi\c\</path>
         <kind>archive</kind>
         <file>libc.a</file>
         <name>cpy_tbl.c.obj</name>
      </input_file>
      <input_file id="fl-74">
         <path>C:\ti\ccs1240\ccs\tools\compiler\ti-cgt-armllvm_2.1.3.LTS\lib\armv6m-ti-none-eabi\c\</path>
         <kind>archive</kind>
         <file>libsysbm.a</file>
         <name>write.c.obj</name>
      </input_file>
      <input_file id="fl-75">
         <path>C:\ti\ccs1240\ccs\tools\compiler\ti-cgt-armllvm_2.1.3.LTS\lib\armv6m-ti-none-eabi\c\</path>
         <kind>archive</kind>
         <file>libsysbm.a</file>
         <name>host_device.c.obj</name>
      </input_file>
      <input_file id="fl-76">
         <path>C:\ti\ccs1240\ccs\tools\compiler\ti-cgt-armllvm_2.1.3.LTS\lib\armv6m-ti-none-eabi\c\</path>
         <kind>archive</kind>
         <file>libsysbm.a</file>
         <name>remove.c.obj</name>
      </input_file>
      <input_file id="fl-77">
         <path>C:\ti\ccs1240\ccs\tools\compiler\ti-cgt-armllvm_2.1.3.LTS\lib\armv6m-ti-none-eabi\c\</path>
         <kind>archive</kind>
         <file>libsysbm.a</file>
         <name>open.c.obj</name>
      </input_file>
      <input_file id="fl-78">
         <path>C:\ti\ccs1240\ccs\tools\compiler\ti-cgt-armllvm_2.1.3.LTS\lib\armv6m-ti-none-eabi\c\</path>
         <kind>archive</kind>
         <file>libsysbm.a</file>
         <name>close.c.obj</name>
      </input_file>
      <input_file id="fl-79">
         <path>C:\ti\ccs1240\ccs\tools\compiler\ti-cgt-armllvm_2.1.3.LTS\lib\armv6m-ti-none-eabi\c\</path>
         <kind>archive</kind>
         <file>libsysbm.a</file>
         <name>add_device.c.obj</name>
      </input_file>
      <input_file id="fl-7a">
         <path>C:\ti\ccs1240\ccs\tools\compiler\ti-cgt-armllvm_2.1.3.LTS\lib\armv6m-ti-none-eabi\c\</path>
         <kind>archive</kind>
         <file>libsysbm.a</file>
         <name>unlink.c.obj</name>
      </input_file>
      <input_file id="fl-7b">
         <path>C:\ti\ccs1240\ccs\tools\compiler\ti-cgt-armllvm_2.1.3.LTS\lib\armv6m-ti-none-eabi\c\</path>
         <kind>archive</kind>
         <file>libsysbm.a</file>
         <name>hostclose.c.obj</name>
      </input_file>
      <input_file id="fl-7c">
         <path>C:\ti\ccs1240\ccs\tools\compiler\ti-cgt-armllvm_2.1.3.LTS\lib\armv6m-ti-none-eabi\c\</path>
         <kind>archive</kind>
         <file>libsysbm.a</file>
         <name>hostlseek.c.obj</name>
      </input_file>
      <input_file id="fl-7d">
         <path>C:\ti\ccs1240\ccs\tools\compiler\ti-cgt-armllvm_2.1.3.LTS\lib\armv6m-ti-none-eabi\c\</path>
         <kind>archive</kind>
         <file>libsysbm.a</file>
         <name>hostopen.c.obj</name>
      </input_file>
      <input_file id="fl-7e">
         <path>C:\ti\ccs1240\ccs\tools\compiler\ti-cgt-armllvm_2.1.3.LTS\lib\armv6m-ti-none-eabi\c\</path>
         <kind>archive</kind>
         <file>libsysbm.a</file>
         <name>hostread.c.obj</name>
      </input_file>
      <input_file id="fl-7f">
         <path>C:\ti\ccs1240\ccs\tools\compiler\ti-cgt-armllvm_2.1.3.LTS\lib\armv6m-ti-none-eabi\c\</path>
         <kind>archive</kind>
         <file>libsysbm.a</file>
         <name>hostrename.c.obj</name>
      </input_file>
      <input_file id="fl-80">
         <path>C:\ti\ccs1240\ccs\tools\compiler\ti-cgt-armllvm_2.1.3.LTS\lib\armv6m-ti-none-eabi\c\</path>
         <kind>archive</kind>
         <file>libsysbm.a</file>
         <name>hostunlink.c.obj</name>
      </input_file>
      <input_file id="fl-81">
         <path>C:\ti\ccs1240\ccs\tools\compiler\ti-cgt-armllvm_2.1.3.LTS\lib\armv6m-ti-none-eabi\c\</path>
         <kind>archive</kind>
         <file>libsysbm.a</file>
         <name>hostwrite.c.obj</name>
      </input_file>
      <input_file id="fl-82">
         <path>C:\ti\ccs1240\ccs\tools\compiler\ti-cgt-armllvm_2.1.3.LTS\lib\armv6m-ti-none-eabi\c\</path>
         <kind>archive</kind>
         <file>libsysbm.a</file>
         <name>trgmsg.c.obj</name>
      </input_file>
      <input_file id="fl-83">
         <path>C:\ti\ccs1240\ccs\tools\compiler\ti-cgt-armllvm_2.1.3.LTS\lib\clang\14.0.6\lib\armv6m-ti-none-eabi\</path>
         <kind>archive</kind>
         <file>libclang_rt.builtins.a</file>
         <name>aeabi_idivmod.S.obj</name>
      </input_file>
      <input_file id="fl-84">
         <path>C:\ti\ccs1240\ccs\tools\compiler\ti-cgt-armllvm_2.1.3.LTS\lib\clang\14.0.6\lib\armv6m-ti-none-eabi\</path>
         <kind>archive</kind>
         <file>libclang_rt.builtins.a</file>
         <name>aeabi_memcpy.S.obj</name>
      </input_file>
      <input_file id="fl-85">
         <path>C:\ti\ccs1240\ccs\tools\compiler\ti-cgt-armllvm_2.1.3.LTS\lib\clang\14.0.6\lib\armv6m-ti-none-eabi\</path>
         <kind>archive</kind>
         <file>libclang_rt.builtins.a</file>
         <name>aeabi_memset.S.obj</name>
      </input_file>
      <input_file id="fl-86">
         <path>C:\ti\ccs1240\ccs\tools\compiler\ti-cgt-armllvm_2.1.3.LTS\lib\clang\14.0.6\lib\armv6m-ti-none-eabi\</path>
         <kind>archive</kind>
         <file>libclang_rt.builtins.a</file>
         <name>aeabi_uidivmod.S.obj</name>
      </input_file>
      <input_file id="fl-87">
         <path>C:\ti\ccs1240\ccs\tools\compiler\ti-cgt-armllvm_2.1.3.LTS\lib\clang\14.0.6\lib\armv6m-ti-none-eabi\</path>
         <kind>archive</kind>
         <file>libclang_rt.builtins.a</file>
         <name>aeabi_div0.c.obj</name>
      </input_file>
      <input_file id="fl-88">
         <path>C:\ti\ccs1240\ccs\tools\compiler\ti-cgt-armllvm_2.1.3.LTS\lib\armv6m-ti-none-eabi\c\</path>
         <kind>archive</kind>
         <file>libc.a</file>
         <name>getdevice.c.obj</name>
      </input_file>
      <input_file id="fl-89">
         <path>C:\ti\ccs1240\ccs\tools\compiler\ti-cgt-armllvm_2.1.3.LTS\lib\armv6m-ti-none-eabi\c\</path>
         <kind>archive</kind>
         <file>libc.a</file>
         <name>memcpy16.S.obj</name>
      </input_file>
      <input_file id="fl-8a">
         <path>C:\ti\ccs1240\ccs\tools\compiler\ti-cgt-armllvm_2.1.3.LTS\lib\armv6m-ti-none-eabi\c\</path>
         <kind>archive</kind>
         <file>libc.a</file>
         <name>memset16.S.obj</name>
      </input_file>
   </input_file_list>
   <object_component_list>
      <object_component id="oc-18">
         <name>.intvecs</name>
         <load_address>0x0</load_address>
         <run_address>0x0</run_address>
         <size>0xc0</size>
         <input_file_ref idref="fl-12"/>
      </object_component>
      <object_component id="oc-ca">
         <name>.text.Clock_Init80MHz</name>
         <load_address>0xc0</load_address>
         <run_address>0xc0</run_address>
         <size>0x1b4</size>
         <input_file_ref idref="fl-2"/>
      </object_component>
      <object_component id="oc-ee">
         <name>.text.ST7735_DrawCharS</name>
         <load_address>0x274</load_address>
         <run_address>0x274</run_address>
         <size>0x1a0</size>
         <input_file_ref idref="fl-9"/>
      </object_component>
      <object_component id="oc-131">
         <name>.text._openfile</name>
         <load_address>0x414</load_address>
         <run_address>0x414</run_address>
         <size>0x13c</size>
         <input_file_ref idref="fl-2a"/>
      </object_component>
      <object_component id="oc-195">
         <name>.text.aligned_alloc</name>
         <load_address>0x550</load_address>
         <run_address>0x550</run_address>
         <size>0x13c</size>
         <input_file_ref idref="fl-2f"/>
      </object_component>
      <object_component id="oc-7f">
         <name>.text.main</name>
         <load_address>0x68c</load_address>
         <run_address>0x68c</run_address>
         <size>0x12c</size>
         <input_file_ref idref="fl-6"/>
      </object_component>
      <object_component id="oc-ea">
         <name>.text.ST7735_FillRect</name>
         <load_address>0x7b8</load_address>
         <run_address>0x7b8</run_address>
         <size>0x118</size>
         <input_file_ref idref="fl-9"/>
      </object_component>
      <object_component id="oc-13c">
         <name>.text.free</name>
         <load_address>0x8d0</load_address>
         <run_address>0x8d0</run_address>
         <size>0x100</size>
         <input_file_ref idref="fl-2f"/>
      </object_component>
      <object_component id="oc-158">
         <name>.text.SPI_Init</name>
         <load_address>0x9d0</load_address>
         <run_address>0x9d0</run_address>
         <size>0xf8</size>
         <input_file_ref idref="fl-8"/>
      </object_component>
      <object_component id="oc-cf">
         <name>.text.add_device</name>
         <load_address>0xac8</load_address>
         <run_address>0xac8</run_address>
         <size>0xe8</size>
         <input_file_ref idref="fl-79"/>
      </object_component>
      <object_component id="oc-da">
         <name>.text.setvbuf</name>
         <load_address>0xbb0</load_address>
         <run_address>0xbb0</run_address>
         <size>0xe0</size>
         <input_file_ref idref="fl-2b"/>
      </object_component>
      <object_component id="oc-a1">
         <name>.text.ST7735_OutChar</name>
         <load_address>0xc90</load_address>
         <run_address>0xc90</run_address>
         <size>0xd4</size>
         <input_file_ref idref="fl-9"/>
      </object_component>
      <object_component id="oc-17e">
         <name>.text.open</name>
         <load_address>0xd64</load_address>
         <run_address>0xd64</run_address>
         <size>0xa8</size>
         <input_file_ref idref="fl-77"/>
      </object_component>
      <object_component id="oc-117">
         <name>.text.commandList</name>
         <load_address>0xe0c</load_address>
         <run_address>0xe0c</run_address>
         <size>0xa2</size>
         <input_file_ref idref="fl-9"/>
      </object_component>
      <object_component id="oc-2e">
         <name>.text.SysTick_Handler</name>
         <load_address>0xeae</load_address>
         <run_address>0xeae</run_address>
         <size>0x2</size>
         <input_file_ref idref="fl-b"/>
      </object_component>
      <object_component id="oc-9a">
         <name>.text.ST7735_InitPrintf</name>
         <load_address>0xeb0</load_address>
         <run_address>0xeb0</run_address>
         <size>0x9c</size>
         <input_file_ref idref="fl-9"/>
      </object_component>
      <object_component id="oc-ce">
         <name>.text.ST7735_InitR</name>
         <load_address>0xf4c</load_address>
         <run_address>0xf4c</run_address>
         <size>0x98</size>
         <input_file_ref idref="fl-9"/>
      </object_component>
      <object_component id="oc-146">
         <name>.text.setAddrWindow</name>
         <load_address>0xfe4</load_address>
         <run_address>0xfe4</run_address>
         <size>0x88</size>
         <input_file_ref idref="fl-9"/>
      </object_component>
      <object_component id="oc-95">
         <name>.text.LaunchPad_Init</name>
         <load_address>0x106c</load_address>
         <run_address>0x106c</run_address>
         <size>0x84</size>
         <input_file_ref idref="fl-7"/>
      </object_component>
      <object_component id="oc-ed">
         <name>.text.ST7735_DrawString</name>
         <load_address>0x10f0</load_address>
         <run_address>0x10f0</run_address>
         <size>0x84</size>
         <input_file_ref idref="fl-9"/>
      </object_component>
      <object_component id="oc-a8">
         <name>.text.ST7735_OutUDec</name>
         <load_address>0x1174</load_address>
         <run_address>0x1174</run_address>
         <size>0x84</size>
         <input_file_ref idref="fl-9"/>
      </object_component>
      <object_component id="oc-d3">
         <name>.text.fopen</name>
         <load_address>0x11f8</load_address>
         <run_address>0x11f8</run_address>
         <size>0x84</size>
         <input_file_ref idref="fl-2a"/>
      </object_component>
      <object_component id="oc-136">
         <name>.text.__TI_closefile</name>
         <load_address>0x127c</load_address>
         <run_address>0x127c</run_address>
         <size>0x7c</size>
         <input_file_ref idref="fl-36"/>
      </object_component>
      <object_component id="oc-147">
         <name>.text.ST7735_DrawPixel</name>
         <load_address>0x12f8</load_address>
         <run_address>0x12f8</run_address>
         <size>0x70</size>
         <input_file_ref idref="fl-9"/>
      </object_component>
      <object_component id="oc-1ba">
         <name>.text.getdevice</name>
         <load_address>0x1368</load_address>
         <run_address>0x1368</run_address>
         <size>0x6c</size>
         <input_file_ref idref="fl-88"/>
      </object_component>
      <object_component id="oc-16d">
         <name>.text.HOSTlseek</name>
         <load_address>0x13d4</load_address>
         <run_address>0x13d4</run_address>
         <size>0x68</size>
         <input_file_ref idref="fl-7c"/>
      </object_component>
      <object_component id="oc-175">
         <name>.text.HOSTrename</name>
         <load_address>0x143c</load_address>
         <run_address>0x143c</run_address>
         <size>0x68</size>
         <input_file_ref idref="fl-7f"/>
      </object_component>
      <object_component id="oc-1c">
         <name>.text:decompress:lzss</name>
         <load_address>0x14a4</load_address>
         <run_address>0x14a4</run_address>
         <size>0x68</size>
         <input_file_ref idref="fl-32"/>
      </object_component>
      <object_component id="oc-1d1">
         <name>.text.split</name>
         <load_address>0x150c</load_address>
         <run_address>0x150c</run_address>
         <size>0x64</size>
         <input_file_ref idref="fl-2f"/>
      </object_component>
      <object_component id="oc-15d">
         <name>.text.HOSTopen</name>
         <load_address>0x1570</load_address>
         <run_address>0x1570</run_address>
         <size>0x5c</size>
         <input_file_ref idref="fl-7d"/>
      </object_component>
      <object_component id="oc-165">
         <name>.text.HOSTread</name>
         <load_address>0x15cc</load_address>
         <run_address>0x15cc</run_address>
         <size>0x58</size>
         <input_file_ref idref="fl-7e"/>
      </object_component>
      <object_component id="oc-169">
         <name>.text.HOSTwrite</name>
         <load_address>0x1624</load_address>
         <run_address>0x1624</run_address>
         <size>0x58</size>
         <input_file_ref idref="fl-81"/>
      </object_component>
      <object_component id="oc-fa">
         <name>.text.fillmessage</name>
         <load_address>0x167c</load_address>
         <run_address>0x167c</run_address>
         <size>0x54</size>
         <input_file_ref idref="fl-9"/>
      </object_component>
      <object_component id="oc-182">
         <name>.text.__TI_doflush</name>
         <load_address>0x16d0</load_address>
         <run_address>0x16d0</run_address>
         <size>0x50</size>
         <input_file_ref idref="fl-37"/>
      </object_component>
      <object_component id="oc-188">
         <name>.text.close</name>
         <load_address>0x1720</load_address>
         <run_address>0x1720</run_address>
         <size>0x50</size>
         <input_file_ref idref="fl-78"/>
      </object_component>
      <object_component id="oc-161">
         <name>.text.HOSTclose</name>
         <load_address>0x1770</load_address>
         <run_address>0x1770</run_address>
         <size>0x48</size>
         <input_file_ref idref="fl-7b"/>
      </object_component>
      <object_component id="oc-171">
         <name>.text.HOSTunlink</name>
         <load_address>0x17b8</load_address>
         <run_address>0x17b8</run_address>
         <size>0x48</size>
         <input_file_ref idref="fl-80"/>
      </object_component>
      <object_component id="oc-118">
         <name>.text.SPI_OutCommand</name>
         <load_address>0x1800</load_address>
         <run_address>0x1800</run_address>
         <size>0x48</size>
         <input_file_ref idref="fl-8"/>
      </object_component>
      <object_component id="oc-19b">
         <name>.text.SPI_Reset</name>
         <load_address>0x1848</load_address>
         <run_address>0x1848</run_address>
         <size>0x40</size>
         <input_file_ref idref="fl-8"/>
      </object_component>
      <object_component id="oc-38">
         <name>.text.TIMG7_IRQHandler</name>
         <load_address>0x1888</load_address>
         <run_address>0x1888</run_address>
         <size>0x40</size>
         <input_file_ref idref="fl-d"/>
      </object_component>
      <object_component id="oc-f2">
         <name>.text</name>
         <load_address>0x18c8</load_address>
         <run_address>0x18c8</run_address>
         <size>0x40</size>
         <input_file_ref idref="fl-86"/>
      </object_component>
      <object_component id="oc-b1">
         <name>.text:__TI_auto_init_nobinit_nopinit</name>
         <load_address>0x1908</load_address>
         <run_address>0x1908</run_address>
         <size>0x3c</size>
         <input_file_ref idref="fl-39"/>
      </object_component>
      <object_component id="oc-cb">
         <name>.text.ActivatePortA_B</name>
         <load_address>0x1944</load_address>
         <run_address>0x1944</run_address>
         <size>0x38</size>
         <input_file_ref idref="fl-7"/>
      </object_component>
      <object_component id="oc-11d">
         <name>.text.SPI_OutData</name>
         <load_address>0x197c</load_address>
         <run_address>0x197c</run_address>
         <size>0x38</size>
         <input_file_ref idref="fl-8"/>
      </object_component>
      <object_component id="oc-125">
         <name>.text.finddevice</name>
         <load_address>0x19b4</load_address>
         <run_address>0x19b4</run_address>
         <size>0x38</size>
         <input_file_ref idref="fl-88"/>
      </object_component>
      <object_component id="oc-a2">
         <name>.text.Clock_Delay1ms</name>
         <load_address>0x19ec</load_address>
         <run_address>0x19ec</run_address>
         <size>0x34</size>
         <input_file_ref idref="fl-2"/>
      </object_component>
      <object_component id="oc-a7">
         <name>.text.ST7735_SetCursor</name>
         <load_address>0x1a20</load_address>
         <run_address>0x1a20</run_address>
         <size>0x34</size>
         <input_file_ref idref="fl-9"/>
      </object_component>
      <object_component id="oc-e1">
         <name>.text.ST7735_write</name>
         <load_address>0x1a54</load_address>
         <run_address>0x1a54</run_address>
         <size>0x34</size>
         <input_file_ref idref="fl-9"/>
      </object_component>
      <object_component id="oc-13f">
         <name>.text.__TI_cleanup</name>
         <load_address>0x1a88</load_address>
         <run_address>0x1a88</run_address>
         <size>0x34</size>
         <input_file_ref idref="fl-2a"/>
      </object_component>
      <object_component id="oc-1a2">
         <name>.text.__TI_readmsg</name>
         <load_address>0x1abc</load_address>
         <run_address>0x1abc</run_address>
         <size>0x34</size>
         <input_file_ref idref="fl-82"/>
      </object_component>
      <object_component id="oc-19c">
         <name>.text.__TI_writemsg</name>
         <load_address>0x1af0</load_address>
         <run_address>0x1af0</run_address>
         <size>0x34</size>
         <input_file_ref idref="fl-82"/>
      </object_component>
      <object_component id="oc-af">
         <name>.text.exit</name>
         <load_address>0x1b24</load_address>
         <run_address>0x1b24</run_address>
         <size>0x34</size>
         <input_file_ref idref="fl-2c"/>
      </object_component>
      <object_component id="oc-d9">
         <name>.text.freopen</name>
         <load_address>0x1b58</load_address>
         <run_address>0x1b58</run_address>
         <size>0x34</size>
         <input_file_ref idref="fl-2a"/>
      </object_component>
      <object_component id="oc-116">
         <name>.text.commonInit</name>
         <load_address>0x1b8c</load_address>
         <run_address>0x1b8c</run_address>
         <size>0x30</size>
         <input_file_ref idref="fl-9"/>
      </object_component>
      <object_component id="oc-9f">
         <name>.text.ST7735_FillScreen</name>
         <load_address>0x1bbc</load_address>
         <run_address>0x1bbc</run_address>
         <size>0x2c</size>
         <input_file_ref idref="fl-9"/>
      </object_component>
      <object_component id="oc-33">
         <name>.text.UART2_IRQHandler</name>
         <load_address>0x1be8</load_address>
         <run_address>0x1be8</run_address>
         <size>0x2c</size>
         <input_file_ref idref="fl-10"/>
      </object_component>
      <object_component id="oc-1c9">
         <name>.text.unlink</name>
         <load_address>0x1c14</load_address>
         <run_address>0x1c14</run_address>
         <size>0x2c</size>
         <input_file_ref idref="fl-7a"/>
      </object_component>
      <object_component id="oc-3d">
         <name>.text.TIMG12_IRQHandler</name>
         <load_address>0x1c40</load_address>
         <run_address>0x1c40</run_address>
         <size>0x28</size>
         <input_file_ref idref="fl-6"/>
      </object_component>
      <object_component id="oc-194">
         <name>.text.free_list_insert</name>
         <load_address>0x1c68</load_address>
         <run_address>0x1c68</run_address>
         <size>0x28</size>
         <input_file_ref idref="fl-2f"/>
      </object_component>
      <object_component id="oc-1c0">
         <name>.text.write</name>
         <load_address>0x1c90</load_address>
         <run_address>0x1c90</run_address>
         <size>0x28</size>
         <input_file_ref idref="fl-74"/>
      </object_component>
      <object_component id="oc-5d">
         <name>.text:_c_int00_noargs</name>
         <load_address>0x1cb8</load_address>
         <run_address>0x1cb8</run_address>
         <size>0x28</size>
         <input_file_ref idref="fl-33"/>
      </object_component>
      <object_component id="oc-a0">
         <name>.text.ST7735_OutString</name>
         <load_address>0x1ce0</load_address>
         <run_address>0x1ce0</run_address>
         <size>0x26</size>
         <input_file_ref idref="fl-9"/>
      </object_component>
      <object_component id="oc-196">
         <name>.text.pushColor</name>
         <load_address>0x1d06</load_address>
         <run_address>0x1d06</run_address>
         <size>0x1e</size>
         <input_file_ref idref="fl-9"/>
      </object_component>
      <object_component id="oc-193">
         <name>.text.free_list_remove</name>
         <load_address>0x1d24</load_address>
         <run_address>0x1d24</run_address>
         <size>0x1c</size>
         <input_file_ref idref="fl-2f"/>
      </object_component>
      <object_component id="oc-77">
         <name>.text</name>
         <load_address>0x1d40</load_address>
         <run_address>0x1d40</run_address>
         <size>0x1c</size>
         <input_file_ref idref="fl-85"/>
      </object_component>
      <object_component id="oc-e4">
         <name>.text.ST7735_open</name>
         <load_address>0x1d5c</load_address>
         <run_address>0x1d5c</run_address>
         <size>0x16</size>
         <input_file_ref idref="fl-9"/>
      </object_component>
      <object_component id="oc-e2">
         <name>.text.ST7735_read</name>
         <load_address>0x1d72</load_address>
         <run_address>0x1d72</run_address>
         <size>0x16</size>
         <input_file_ref idref="fl-9"/>
      </object_component>
      <object_component id="oc-54">
         <name>.text:decompress:ZI:__TI_zero_init_nomemset</name>
         <load_address>0x1d88</load_address>
         <run_address>0x1d88</run_address>
         <size>0x14</size>
         <input_file_ref idref="fl-30"/>
      </object_component>
      <object_component id="oc-8a">
         <name>.text:TI_memcpy_small</name>
         <load_address>0x1d9c</load_address>
         <run_address>0x1d9c</run_address>
         <size>0x12</size>
         <input_file_ref idref="fl-89"/>
      </object_component>
      <object_component id="oc-20">
         <name>.text:decompress:none</name>
         <load_address>0x1dae</load_address>
         <run_address>0x1dae</run_address>
         <size>0x12</size>
         <input_file_ref idref="fl-31"/>
      </object_component>
      <object_component id="oc-f6">
         <name>.text.Clock_Delay</name>
         <load_address>0x1dc0</load_address>
         <run_address>0x1dc0</run_address>
         <size>0x10</size>
         <input_file_ref idref="fl-2"/>
      </object_component>
      <object_component id="oc-e0">
         <name>.text.ST7735_lseek</name>
         <load_address>0x1dd0</load_address>
         <run_address>0x1dd0</run_address>
         <size>0xe</size>
         <input_file_ref idref="fl-9"/>
      </object_component>
      <object_component id="oc-1b6">
         <name>.text.strcpy</name>
         <load_address>0x1dde</load_address>
         <run_address>0x1dde</run_address>
         <size>0xe</size>
         <input_file_ref idref="fl-7f"/>
      </object_component>
      <object_component id="oc-1b7">
         <name>.text.strlen</name>
         <load_address>0x1dec</load_address>
         <run_address>0x1dec</run_address>
         <size>0xe</size>
         <input_file_ref idref="fl-7f"/>
      </object_component>
      <object_component id="oc-c4">
         <name>.text:TI_memset_small</name>
         <load_address>0x1dfa</load_address>
         <run_address>0x1dfa</run_address>
         <size>0xe</size>
         <input_file_ref idref="fl-8a"/>
      </object_component>
      <object_component id="oc-19a">
         <name>.text.Clock_Freq</name>
         <load_address>0x1e08</load_address>
         <run_address>0x1e08</run_address>
         <size>0xc</size>
         <input_file_ref idref="fl-2"/>
      </object_component>
      <object_component id="oc-de">
         <name>.text.ST7735_rename</name>
         <load_address>0x1e14</load_address>
         <run_address>0x1e14</run_address>
         <size>0xc</size>
         <input_file_ref idref="fl-9"/>
      </object_component>
      <object_component id="oc-13e">
         <name>.text.malloc</name>
         <load_address>0x1e20</load_address>
         <run_address>0x1e20</run_address>
         <size>0xc</size>
         <input_file_ref idref="fl-2f"/>
      </object_component>
      <object_component id="oc-94">
         <name>.text.PLL_Init</name>
         <load_address>0x1e2c</load_address>
         <run_address>0x1e2c</run_address>
         <size>0xa</size>
         <input_file_ref idref="fl-6"/>
      </object_component>
      <object_component id="oc-e5">
         <name>.text.ST7735_close</name>
         <load_address>0x1e36</load_address>
         <run_address>0x1e36</run_address>
         <size>0xa</size>
         <input_file_ref idref="fl-9"/>
      </object_component>
      <object_component id="oc-df">
         <name>.text.ST7735_unlink</name>
         <load_address>0x1e40</load_address>
         <run_address>0x1e40</run_address>
         <size>0xa</size>
         <input_file_ref idref="fl-9"/>
      </object_component>
      <object_component id="oc-18c">
         <name>.text.remove</name>
         <load_address>0x1e4a</load_address>
         <run_address>0x1e4a</run_address>
         <size>0x8</size>
         <input_file_ref idref="fl-76"/>
      </object_component>
      <object_component id="oc-149">
         <name>.text.__aeabi_idiv0</name>
         <load_address>0x1e52</load_address>
         <run_address>0x1e52</run_address>
         <size>0x2</size>
         <input_file_ref idref="fl-87"/>
      </object_component>
      <object_component id="oc-4d">
         <name>.text</name>
         <load_address>0x1e54</load_address>
         <run_address>0x1e54</run_address>
         <size>0x8</size>
         <input_file_ref idref="fl-84"/>
      </object_component>
      <object_component id="oc-2c">
         <name>.text.Default_Handler</name>
         <load_address>0x1e5c</load_address>
         <run_address>0x1e5c</run_address>
         <size>0x4</size>
         <input_file_ref idref="fl-12"/>
      </object_component>
      <object_component id="oc-2d">
         <name>.text.HardFault_Handler</name>
         <load_address>0x1e60</load_address>
         <run_address>0x1e60</run_address>
         <size>0x4</size>
         <input_file_ref idref="fl-12"/>
      </object_component>
      <object_component id="oc-28">
         <name>.text.Reset_Handler</name>
         <load_address>0x1e64</load_address>
         <run_address>0x1e64</run_address>
         <size>0x4</size>
         <input_file_ref idref="fl-12"/>
      </object_component>
      <object_component id="oc-7b">
         <name>.text._system_pre_init</name>
         <load_address>0x1e68</load_address>
         <run_address>0x1e68</run_address>
         <size>0x4</size>
         <input_file_ref idref="fl-3a"/>
      </object_component>
      <object_component id="oc-aa">
         <name>.text:abort</name>
         <load_address>0x1e6c</load_address>
         <run_address>0x1e6c</run_address>
         <size>0x4</size>
         <input_file_ref idref="fl-2c"/>
      </object_component>
      <object_component id="oc-14f">
         <name>.text._nop</name>
         <load_address>0x1e70</load_address>
         <run_address>0x1e70</run_address>
         <size>0x2</size>
         <input_file_ref idref="fl-2d"/>
      </object_component>
      <object_component id="oc-217">
         <name>.cinit..data.load</name>
         <load_address>0x2478</load_address>
         <run_address>0x2478</run_address>
         <size>0x8b</size>
      </object_component>
      <object_component id="oc-215">
         <name>__TI_handler_table</name>
         <load_address>0x2504</load_address>
         <run_address>0x2504</run_address>
         <size>0xc</size>
      </object_component>
      <object_component id="oc-218">
         <name>.cinit..bss.load</name>
         <load_address>0x2510</load_address>
         <run_address>0x2510</run_address>
         <size>0x8</size>
      </object_component>
      <object_component id="oc-216">
         <name>__TI_cinit_table</name>
         <load_address>0x2518</load_address>
         <run_address>0x2518</run_address>
         <size>0x10</size>
      </object_component>
      <object_component id="oc-148">
         <name>.rodata.Font</name>
         <load_address>0x1e78</load_address>
         <run_address>0x1e78</run_address>
         <size>0x4fb</size>
         <input_file_ref idref="fl-9"/>
      </object_component>
      <object_component id="oc-11e">
         <name>.rodata.Rcmd1</name>
         <load_address>0x2373</load_address>
         <run_address>0x2373</run_address>
         <size>0x3b</size>
         <input_file_ref idref="fl-9"/>
      </object_component>
      <object_component id="oc-e3">
         <name>.rodata.str1.1</name>
         <load_address>0x23ae</load_address>
         <run_address>0x23ae</run_address>
         <size>0x2e</size>
         <input_file_ref idref="fl-9"/>
      </object_component>
      <object_component id="oc-123">
         <name>.rodata.Rcmd3</name>
         <load_address>0x23dc</load_address>
         <run_address>0x23dc</run_address>
         <size>0x2b</size>
         <input_file_ref idref="fl-9"/>
      </object_component>
      <object_component id="oc-120">
         <name>.rodata.Rcmd2green</name>
         <load_address>0x2407</load_address>
         <run_address>0x2407</run_address>
         <size>0xd</size>
         <input_file_ref idref="fl-9"/>
      </object_component>
      <object_component id="oc-11f">
         <name>.rodata.Rcmd2red</name>
         <load_address>0x2414</load_address>
         <run_address>0x2414</run_address>
         <size>0xd</size>
         <input_file_ref idref="fl-9"/>
      </object_component>
      <object_component id="oc-104">
         <name>.rodata.Goodbye_French</name>
         <load_address>0x2421</load_address>
         <run_address>0x2421</run_address>
         <size>0xa</size>
         <input_file_ref idref="fl-6"/>
      </object_component>
      <object_component id="oc-107">
         <name>.rodata.Language_Portuguese</name>
         <load_address>0x242b</load_address>
         <run_address>0x242b</run_address>
         <size>0xa</size>
         <input_file_ref idref="fl-6"/>
      </object_component>
      <object_component id="oc-108">
         <name>.rodata.Language_French</name>
         <load_address>0x2435</load_address>
         <run_address>0x2435</run_address>
         <size>0x9</size>
         <input_file_ref idref="fl-6"/>
      </object_component>
      <object_component id="oc-101">
         <name>.rodata.Goodbye_English</name>
         <load_address>0x243e</load_address>
         <run_address>0x243e</run_address>
         <size>0x8</size>
         <input_file_ref idref="fl-6"/>
      </object_component>
      <object_component id="oc-105">
         <name>.rodata.Language_English</name>
         <load_address>0x2446</load_address>
         <run_address>0x2446</run_address>
         <size>0x8</size>
         <input_file_ref idref="fl-6"/>
      </object_component>
      <object_component id="oc-106">
         <name>.rodata.Language_Spanish</name>
         <load_address>0x244e</load_address>
         <run_address>0x244e</run_address>
         <size>0x8</size>
         <input_file_ref idref="fl-6"/>
      </object_component>
      <object_component id="oc-fe">
         <name>.rodata.Hello_Spanish</name>
         <load_address>0x2456</load_address>
         <run_address>0x2456</run_address>
         <size>0x7</size>
         <input_file_ref idref="fl-6"/>
      </object_component>
      <object_component id="oc-103">
         <name>.rodata.Goodbye_Portuguese</name>
         <load_address>0x245d</load_address>
         <run_address>0x245d</run_address>
         <size>0x6</size>
         <input_file_ref idref="fl-6"/>
      </object_component>
      <object_component id="oc-102">
         <name>.rodata.Goodbye_Spanish</name>
         <load_address>0x2463</load_address>
         <run_address>0x2463</run_address>
         <size>0x6</size>
         <input_file_ref idref="fl-6"/>
      </object_component>
      <object_component id="oc-fd">
         <name>.rodata.Hello_English</name>
         <load_address>0x2469</load_address>
         <run_address>0x2469</run_address>
         <size>0x6</size>
         <input_file_ref idref="fl-6"/>
      </object_component>
      <object_component id="oc-100">
         <name>.rodata.Hello_French</name>
         <load_address>0x246f</load_address>
         <run_address>0x246f</run_address>
         <size>0x5</size>
         <input_file_ref idref="fl-6"/>
      </object_component>
      <object_component id="oc-ff">
         <name>.rodata.Hello_Portuguese</name>
         <load_address>0x2474</load_address>
         <run_address>0x2474</run_address>
         <size>0x4</size>
         <input_file_ref idref="fl-6"/>
      </object_component>
      <object_component id="oc-1e2">
         <name>.binit</name>
         <load_address>0x0</load_address>
         <run_address>0x0</run_address>
         <size>0x0</size>
      </object_component>
      <object_component id="oc-f7">
         <name>.data.BusFreq</name>
         <load_address>0x202001f0</load_address>
         <run_address>0x202001f0</run_address>
         <size>0x4</size>
         <input_file_ref idref="fl-2"/>
      </object_component>
      <object_component id="oc-a9">
         <name>.data.Phrases</name>
         <load_address>0x202001b8</load_address>
         <run_address>0x202001b8</run_address>
         <size>0x30</size>
         <input_file_ref idref="fl-6"/>
      </object_component>
      <object_component id="oc-ef">
         <name>.data.StX</name>
         <load_address>0x202001f4</load_address>
         <run_address>0x202001f4</run_address>
         <size>0x4</size>
         <input_file_ref idref="fl-9"/>
      </object_component>
      <object_component id="oc-f0">
         <name>.data.StY</name>
         <load_address>0x202001f8</load_address>
         <run_address>0x202001f8</run_address>
         <size>0x4</size>
         <input_file_ref idref="fl-9"/>
      </object_component>
      <object_component id="oc-f1">
         <name>.data.StTextColor</name>
         <load_address>0x20200208</load_address>
         <run_address>0x20200208</run_address>
         <size>0x2</size>
         <input_file_ref idref="fl-9"/>
      </object_component>
      <object_component id="oc-eb">
         <name>.data._width</name>
         <load_address>0x2020020c</load_address>
         <run_address>0x2020020c</run_address>
         <size>0x2</size>
         <input_file_ref idref="fl-9"/>
      </object_component>
      <object_component id="oc-ec">
         <name>.data._height</name>
         <load_address>0x2020020a</load_address>
         <run_address>0x2020020a</run_address>
         <size>0x2</size>
         <input_file_ref idref="fl-9"/>
      </object_component>
      <object_component id="oc-132">
         <name>.data._search_fp.init</name>
         <load_address>0x20200210</load_address>
         <run_address>0x20200210</run_address>
         <size>0x1</size>
         <input_file_ref idref="fl-2a"/>
      </object_component>
      <object_component id="oc-10d">
         <name>.data..L_MergedGlobals</name>
         <load_address>0x202001e8</load_address>
         <run_address>0x202001e8</run_address>
         <size>0x8</size>
         <input_file_ref idref="fl-2c"/>
      </object_component>
      <object_component id="oc-10b">
         <name>.data._lock</name>
         <load_address>0x20200200</load_address>
         <run_address>0x20200200</run_address>
         <size>0x4</size>
         <input_file_ref idref="fl-2d"/>
      </object_component>
      <object_component id="oc-10e">
         <name>.data._unlock</name>
         <load_address>0x20200204</load_address>
         <run_address>0x20200204</run_address>
         <size>0x4</size>
         <input_file_ref idref="fl-2d"/>
      </object_component>
      <object_component id="oc-e6">
         <name>.data._ftable</name>
         <load_address>0x20200000</load_address>
         <run_address>0x20200000</run_address>
         <size>0xf0</size>
         <input_file_ref idref="fl-2e"/>
      </object_component>
      <object_component id="oc-133">
         <name>.data.__TI_ft_end</name>
         <load_address>0x202001fc</load_address>
         <run_address>0x202001fc</run_address>
         <size>0x4</size>
         <input_file_ref idref="fl-2e"/>
      </object_component>
      <object_component id="oc-1d2">
         <name>.data.memory_is_initialized</name>
         <load_address>0x20200218</load_address>
         <run_address>0x20200218</run_address>
         <size>0x1</size>
         <input_file_ref idref="fl-2f"/>
      </object_component>
      <object_component id="oc-12c">
         <name>.data._device</name>
         <load_address>0x202000f0</load_address>
         <run_address>0x202000f0</run_address>
         <size>0x78</size>
         <input_file_ref idref="fl-75"/>
      </object_component>
      <object_component id="oc-1bc">
         <name>.data._stream</name>
         <load_address>0x20200168</load_address>
         <run_address>0x20200168</run_address>
         <size>0x50</size>
         <input_file_ref idref="fl-75"/>
      </object_component>
      <object_component id="oc-1bb">
         <name>.data.open.stream_init</name>
         <load_address>0x2020021c</load_address>
         <run_address>0x2020021c</run_address>
         <size>0x1</size>
         <input_file_ref idref="fl-77"/>
      </object_component>
      <object_component id="oc-12b">
         <name>.data.add_device.device_init</name>
         <load_address>0x20200214</load_address>
         <run_address>0x20200214</run_address>
         <size>0x1</size>
         <input_file_ref idref="fl-79"/>
      </object_component>
      <object_component id="oc-121">
         <name>.bss.ColStart</name>
         <uninitialized>true</uninitialized>
         <run_address>0x20200604</run_address>
         <size>0x1</size>
         <input_file_ref idref="fl-9"/>
      </object_component>
      <object_component id="oc-122">
         <name>.bss.RowStart</name>
         <uninitialized>true</uninitialized>
         <run_address>0x20200605</run_address>
         <size>0x1</size>
         <input_file_ref idref="fl-9"/>
      </object_component>
      <object_component id="oc-124">
         <name>.bss.TabColor</name>
         <uninitialized>true</uninitialized>
         <run_address>0x20200606</run_address>
         <size>0x1</size>
         <input_file_ref idref="fl-9"/>
      </object_component>
      <object_component id="oc-1d0">
         <name>.bss.sys_free</name>
         <uninitialized>true</uninitialized>
         <run_address>0x202005f4</run_address>
         <size>0x4</size>
         <input_file_ref idref="fl-2f"/>
      </object_component>
      <object_component id="oc-1d3">
         <name>.bss:_CIOBUF_</name>
         <uninitialized>true</uninitialized>
         <run_address>0x20200420</run_address>
         <size>0x120</size>
         <input_file_ref idref="fl-82"/>
      </object_component>
      <object_component id="oc-fb">
         <name>.common:Messageindex</name>
         <uninitialized>true</uninitialized>
         <run_address>0x202005f8</run_address>
         <size>0x4</size>
      </object_component>
      <object_component id="oc-fc">
         <name>.common:Message</name>
         <uninitialized>true</uninitialized>
         <run_address>0x202005e0</run_address>
         <size>0xc</size>
      </object_component>
      <object_component id="oc-6d">
         <name>.common:TExaSadc</name>
         <uninitialized>true</uninitialized>
         <run_address>0x20200600</run_address>
         <size>0x4</size>
      </object_component>
      <object_component id="oc-6e">
         <name>.common:TExaSLogic</name>
         <uninitialized>true</uninitialized>
         <run_address>0x202005fc</run_address>
         <size>0x4</size>
      </object_component>
      <object_component id="oc-190">
         <name>.common:__TI_tmpnams</name>
         <uninitialized>true</uninitialized>
         <run_address>0x20200540</run_address>
         <size>0xa0</size>
      </object_component>
      <object_component id="oc-1a3">
         <name>.common:parmbuf</name>
         <uninitialized>true</uninitialized>
         <run_address>0x202005ec</run_address>
         <size>0x8</size>
      </object_component>
      <object_component id="oc-26">
         <name>.sysmem</name>
         <uninitialized>true</uninitialized>
         <run_address>0x20200220</run_address>
         <size>0x10</size>
         <input_file_ref idref="fl-2f"/>
      </object_component>
      <object_component id="oc-21b">
         <name>.sysmem</name>
         <uninitialized>true</uninitialized>
         <run_address>0x20200220</run_address>
         <size>0x0</size>
      </object_component>
      <object_component id="oc-1a">
         <name>.stack</name>
         <uninitialized>true</uninitialized>
         <run_address>0x20207e00</run_address>
         <size>0x4</size>
         <input_file_ref idref="fl-33"/>
      </object_component>
      <object_component id="oc-21a">
         <name>.stack</name>
         <uninitialized>true</uninitialized>
         <run_address>0x20207e00</run_address>
         <size>0x0</size>
      </object_component>
      <object_component id="oc-f8">
         <name>.debug_abbrev</name>
         <load_address>0x0</load_address>
         <run_address>0x0</run_address>
         <size>0x18b</size>
         <input_file_ref idref="fl-2"/>
      </object_component>
      <object_component id="oc-71">
         <name>.debug_abbrev</name>
         <load_address>0x18b</load_address>
         <run_address>0x18b</run_address>
         <size>0x15f</size>
         <input_file_ref idref="fl-6"/>
      </object_component>
      <object_component id="oc-cc">
         <name>.debug_abbrev</name>
         <load_address>0x2ea</load_address>
         <run_address>0x2ea</run_address>
         <size>0x10d</size>
         <input_file_ref idref="fl-7"/>
      </object_component>
      <object_component id="oc-159">
         <name>.debug_abbrev</name>
         <load_address>0x3f7</load_address>
         <run_address>0x3f7</run_address>
         <size>0xdb</size>
         <input_file_ref idref="fl-8"/>
      </object_component>
      <object_component id="oc-e8">
         <name>.debug_abbrev</name>
         <load_address>0x4d2</load_address>
         <run_address>0x4d2</run_address>
         <size>0x167</size>
         <input_file_ref idref="fl-9"/>
      </object_component>
      <object_component id="oc-69">
         <name>.debug_abbrev</name>
         <load_address>0x639</load_address>
         <run_address>0x639</run_address>
         <size>0xb6</size>
         <input_file_ref idref="fl-b"/>
      </object_component>
      <object_component id="oc-6f">
         <name>.debug_abbrev</name>
         <load_address>0x6ef</load_address>
         <run_address>0x6ef</run_address>
         <size>0x129</size>
         <input_file_ref idref="fl-d"/>
      </object_component>
      <object_component id="oc-6b">
         <name>.debug_abbrev</name>
         <load_address>0x818</load_address>
         <run_address>0x818</run_address>
         <size>0x101</size>
         <input_file_ref idref="fl-10"/>
      </object_component>
      <object_component id="oc-42">
         <name>.debug_abbrev</name>
         <load_address>0x919</load_address>
         <run_address>0x919</run_address>
         <size>0x6d</size>
         <input_file_ref idref="fl-12"/>
      </object_component>
      <object_component id="oc-134">
         <name>.debug_abbrev</name>
         <load_address>0x986</load_address>
         <run_address>0x986</run_address>
         <size>0x13d</size>
         <input_file_ref idref="fl-2a"/>
      </object_component>
      <object_component id="oc-140">
         <name>.debug_abbrev</name>
         <load_address>0xac3</load_address>
         <run_address>0xac3</run_address>
         <size>0x9c</size>
         <input_file_ref idref="fl-2b"/>
      </object_component>
      <object_component id="oc-109">
         <name>.debug_abbrev</name>
         <load_address>0xb5f</load_address>
         <run_address>0xb5f</run_address>
         <size>0xb3</size>
         <input_file_ref idref="fl-2c"/>
      </object_component>
      <object_component id="oc-153">
         <name>.debug_abbrev</name>
         <load_address>0xc12</load_address>
         <run_address>0xc12</run_address>
         <size>0x73</size>
         <input_file_ref idref="fl-2d"/>
      </object_component>
      <object_component id="oc-143">
         <name>.debug_abbrev</name>
         <load_address>0xc85</load_address>
         <run_address>0xc85</run_address>
         <size>0x77</size>
         <input_file_ref idref="fl-2e"/>
      </object_component>
      <object_component id="oc-64">
         <name>.debug_abbrev</name>
         <load_address>0xcfc</load_address>
         <run_address>0xcfc</run_address>
         <size>0x220</size>
         <input_file_ref idref="fl-2f"/>
      </object_component>
      <object_component id="oc-75">
         <name>.debug_abbrev</name>
         <load_address>0xf1c</load_address>
         <run_address>0xf1c</run_address>
         <size>0xcb</size>
         <input_file_ref idref="fl-30"/>
      </object_component>
      <object_component id="oc-51">
         <name>.debug_abbrev</name>
         <load_address>0xfe7</load_address>
         <run_address>0xfe7</run_address>
         <size>0x70</size>
         <input_file_ref idref="fl-31"/>
      </object_component>
      <object_component id="oc-49">
         <name>.debug_abbrev</name>
         <load_address>0x1057</load_address>
         <run_address>0x1057</run_address>
         <size>0x9c</size>
         <input_file_ref idref="fl-32"/>
      </object_component>
      <object_component id="oc-44">
         <name>.debug_abbrev</name>
         <load_address>0x10f3</load_address>
         <run_address>0x10f3</run_address>
         <size>0xaf</size>
         <input_file_ref idref="fl-33"/>
      </object_component>
      <object_component id="oc-191">
         <name>.debug_abbrev</name>
         <load_address>0x11a2</load_address>
         <run_address>0x11a2</run_address>
         <size>0xa4</size>
         <input_file_ref idref="fl-36"/>
      </object_component>
      <object_component id="oc-1c4">
         <name>.debug_abbrev</name>
         <load_address>0x1246</load_address>
         <run_address>0x1246</run_address>
         <size>0xb2</size>
         <input_file_ref idref="fl-37"/>
      </object_component>
      <object_component id="oc-10f">
         <name>.debug_abbrev</name>
         <load_address>0x12f8</load_address>
         <run_address>0x12f8</run_address>
         <size>0x186</size>
         <input_file_ref idref="fl-39"/>
      </object_component>
      <object_component id="oc-92">
         <name>.debug_abbrev</name>
         <load_address>0x147e</load_address>
         <run_address>0x147e</run_address>
         <size>0x39</size>
         <input_file_ref idref="fl-3a"/>
      </object_component>
      <object_component id="oc-1d6">
         <name>.debug_abbrev</name>
         <load_address>0x14b7</load_address>
         <run_address>0x14b7</run_address>
         <size>0x77</size>
         <input_file_ref idref="fl-74"/>
      </object_component>
      <object_component id="oc-17b">
         <name>.debug_abbrev</name>
         <load_address>0x152e</load_address>
         <run_address>0x152e</run_address>
         <size>0x99</size>
         <input_file_ref idref="fl-75"/>
      </object_component>
      <object_component id="oc-1cd">
         <name>.debug_abbrev</name>
         <load_address>0x15c7</load_address>
         <run_address>0x15c7</run_address>
         <size>0x64</size>
         <input_file_ref idref="fl-76"/>
      </object_component>
      <object_component id="oc-1bd">
         <name>.debug_abbrev</name>
         <load_address>0x162b</load_address>
         <run_address>0x162b</run_address>
         <size>0xfd</size>
         <input_file_ref idref="fl-77"/>
      </object_component>
      <object_component id="oc-1c6">
         <name>.debug_abbrev</name>
         <load_address>0x1728</load_address>
         <run_address>0x1728</run_address>
         <size>0x6b</size>
         <input_file_ref idref="fl-78"/>
      </object_component>
      <object_component id="oc-12e">
         <name>.debug_abbrev</name>
         <load_address>0x1793</load_address>
         <run_address>0x1793</run_address>
         <size>0x14d</size>
         <input_file_ref idref="fl-79"/>
      </object_component>
      <object_component id="oc-1d9">
         <name>.debug_abbrev</name>
         <load_address>0x18e0</load_address>
         <run_address>0x18e0</run_address>
         <size>0xd4</size>
         <input_file_ref idref="fl-7a"/>
      </object_component>
      <object_component id="oc-1a7">
         <name>.debug_abbrev</name>
         <load_address>0x19b4</load_address>
         <run_address>0x19b4</run_address>
         <size>0x81</size>
         <input_file_ref idref="fl-7b"/>
      </object_component>
      <object_component id="oc-1b0">
         <name>.debug_abbrev</name>
         <load_address>0x1a35</load_address>
         <run_address>0x1a35</run_address>
         <size>0x81</size>
         <input_file_ref idref="fl-7c"/>
      </object_component>
      <object_component id="oc-1a4">
         <name>.debug_abbrev</name>
         <load_address>0x1ab6</load_address>
         <run_address>0x1ab6</run_address>
         <size>0x107</size>
         <input_file_ref idref="fl-7d"/>
      </object_component>
      <object_component id="oc-1aa">
         <name>.debug_abbrev</name>
         <load_address>0x1bbd</load_address>
         <run_address>0x1bbd</run_address>
         <size>0x88</size>
         <input_file_ref idref="fl-7e"/>
      </object_component>
      <object_component id="oc-1b8">
         <name>.debug_abbrev</name>
         <load_address>0x1c45</load_address>
         <run_address>0x1c45</run_address>
         <size>0x10e</size>
         <input_file_ref idref="fl-7f"/>
      </object_component>
      <object_component id="oc-1b3">
         <name>.debug_abbrev</name>
         <load_address>0x1d53</load_address>
         <run_address>0x1d53</run_address>
         <size>0xdb</size>
         <input_file_ref idref="fl-80"/>
      </object_component>
      <object_component id="oc-1ad">
         <name>.debug_abbrev</name>
         <load_address>0x1e2e</load_address>
         <run_address>0x1e2e</run_address>
         <size>0x8f</size>
         <input_file_ref idref="fl-81"/>
      </object_component>
      <object_component id="oc-1d4">
         <name>.debug_abbrev</name>
         <load_address>0x1ebd</load_address>
         <run_address>0x1ebd</run_address>
         <size>0xc9</size>
         <input_file_ref idref="fl-82"/>
      </object_component>
      <object_component id="oc-74">
         <name>.debug_abbrev</name>
         <load_address>0x1f86</load_address>
         <run_address>0x1f86</run_address>
         <size>0x27</size>
         <input_file_ref idref="fl-84"/>
      </object_component>
      <object_component id="oc-91">
         <name>.debug_abbrev</name>
         <load_address>0x1fad</load_address>
         <run_address>0x1fad</run_address>
         <size>0x27</size>
         <input_file_ref idref="fl-85"/>
      </object_component>
      <object_component id="oc-14e">
         <name>.debug_abbrev</name>
         <load_address>0x1fd4</load_address>
         <run_address>0x1fd4</run_address>
         <size>0x27</size>
         <input_file_ref idref="fl-86"/>
      </object_component>
      <object_component id="oc-197">
         <name>.debug_abbrev</name>
         <load_address>0x1ffb</load_address>
         <run_address>0x1ffb</run_address>
         <size>0x59</size>
         <input_file_ref idref="fl-87"/>
      </object_component>
      <object_component id="oc-15b">
         <name>.debug_abbrev</name>
         <load_address>0x2054</load_address>
         <run_address>0x2054</run_address>
         <size>0x172</size>
         <input_file_ref idref="fl-88"/>
      </object_component>
      <object_component id="oc-c3">
         <name>.debug_abbrev</name>
         <load_address>0x21c6</load_address>
         <run_address>0x21c6</run_address>
         <size>0x25</size>
         <input_file_ref idref="fl-89"/>
      </object_component>
      <object_component id="oc-115">
         <name>.debug_abbrev</name>
         <load_address>0x21eb</load_address>
         <run_address>0x21eb</run_address>
         <size>0x25</size>
         <input_file_ref idref="fl-8a"/>
      </object_component>
      <object_component id="oc-21d">
         <name>.debug_abbrev</name>
         <load_address>0x2210</load_address>
         <run_address>0x2210</run_address>
         <size>0xf</size>
      </object_component>
      <object_component id="oc-a3">
         <name>.debug_info</name>
         <load_address>0x0</load_address>
         <run_address>0x0</run_address>
         <size>0x22ba</size>
         <input_file_ref idref="fl-2"/>
      </object_component>
      <object_component id="oc-3e">
         <name>.debug_info</name>
         <load_address>0x22ba</load_address>
         <run_address>0x22ba</run_address>
         <size>0x1958</size>
         <input_file_ref idref="fl-6"/>
      </object_component>
      <object_component id="oc-98">
         <name>.debug_info</name>
         <load_address>0x3c12</load_address>
         <run_address>0x3c12</run_address>
         <size>0x856</size>
         <input_file_ref idref="fl-7"/>
      </object_component>
      <object_component id="oc-119">
         <name>.debug_info</name>
         <load_address>0x4468</load_address>
         <run_address>0x4468</run_address>
         <size>0xb8b</size>
         <input_file_ref idref="fl-8"/>
      </object_component>
      <object_component id="oc-9b">
         <name>.debug_info</name>
         <load_address>0x4ff3</load_address>
         <run_address>0x4ff3</run_address>
         <size>0x1a66</size>
         <input_file_ref idref="fl-9"/>
      </object_component>
      <object_component id="oc-32">
         <name>.debug_info</name>
         <load_address>0x6a59</load_address>
         <run_address>0x6a59</run_address>
         <size>0x29a</size>
         <input_file_ref idref="fl-b"/>
      </object_component>
      <object_component id="oc-3a">
         <name>.debug_info</name>
         <load_address>0x6cf3</load_address>
         <run_address>0x6cf3</run_address>
         <size>0x18f2</size>
         <input_file_ref idref="fl-d"/>
      </object_component>
      <object_component id="oc-36">
         <name>.debug_info</name>
         <load_address>0x85e5</load_address>
         <run_address>0x85e5</run_address>
         <size>0xb75</size>
         <input_file_ref idref="fl-10"/>
      </object_component>
      <object_component id="oc-19">
         <name>.debug_info</name>
         <load_address>0x915a</load_address>
         <run_address>0x915a</run_address>
         <size>0x94</size>
         <input_file_ref idref="fl-12"/>
      </object_component>
      <object_component id="oc-d5">
         <name>.debug_info</name>
         <load_address>0x91ee</load_address>
         <run_address>0x91ee</run_address>
         <size>0x2ae</size>
         <input_file_ref idref="fl-2a"/>
      </object_component>
      <object_component id="oc-dc">
         <name>.debug_info</name>
         <load_address>0x949c</load_address>
         <run_address>0x949c</run_address>
         <size>0x148</size>
         <input_file_ref idref="fl-2b"/>
      </object_component>
      <object_component id="oc-ae">
         <name>.debug_info</name>
         <load_address>0x95e4</load_address>
         <run_address>0x95e4</run_address>
         <size>0xed</size>
         <input_file_ref idref="fl-2c"/>
      </object_component>
      <object_component id="oc-10c">
         <name>.debug_info</name>
         <load_address>0x96d1</load_address>
         <run_address>0x96d1</run_address>
         <size>0xaa</size>
         <input_file_ref idref="fl-2d"/>
      </object_component>
      <object_component id="oc-e7">
         <name>.debug_info</name>
         <load_address>0x977b</load_address>
         <run_address>0x977b</run_address>
         <size>0x132</size>
         <input_file_ref idref="fl-2e"/>
      </object_component>
      <object_component id="oc-27">
         <name>.debug_info</name>
         <load_address>0x98ad</load_address>
         <run_address>0x98ad</run_address>
         <size>0xa4b</size>
         <input_file_ref idref="fl-2f"/>
      </object_component>
      <object_component id="oc-57">
         <name>.debug_info</name>
         <load_address>0xa2f8</load_address>
         <run_address>0xa2f8</run_address>
         <size>0x190</size>
         <input_file_ref idref="fl-30"/>
      </object_component>
      <object_component id="oc-21">
         <name>.debug_info</name>
         <load_address>0xa488</load_address>
         <run_address>0xa488</run_address>
         <size>0xc6</size>
         <input_file_ref idref="fl-31"/>
      </object_component>
      <object_component id="oc-1d">
         <name>.debug_info</name>
         <load_address>0xa54e</load_address>
         <run_address>0xa54e</run_address>
         <size>0x17a</size>
         <input_file_ref idref="fl-32"/>
      </object_component>
      <object_component id="oc-1b">
         <name>.debug_info</name>
         <load_address>0xa6c8</load_address>
         <run_address>0xa6c8</run_address>
         <size>0x423</size>
         <input_file_ref idref="fl-33"/>
      </object_component>
      <object_component id="oc-138">
         <name>.debug_info</name>
         <load_address>0xaaeb</load_address>
         <run_address>0xaaeb</run_address>
         <size>0x18a</size>
         <input_file_ref idref="fl-36"/>
      </object_component>
      <object_component id="oc-183">
         <name>.debug_info</name>
         <load_address>0xac75</load_address>
         <run_address>0xac75</run_address>
         <size>0x17f</size>
         <input_file_ref idref="fl-37"/>
      </object_component>
      <object_component id="oc-b6">
         <name>.debug_info</name>
         <load_address>0xadf4</load_address>
         <run_address>0xadf4</run_address>
         <size>0x792</size>
         <input_file_ref idref="fl-39"/>
      </object_component>
      <object_component id="oc-7d">
         <name>.debug_info</name>
         <load_address>0xb586</load_address>
         <run_address>0xb586</run_address>
         <size>0x46</size>
         <input_file_ref idref="fl-3a"/>
      </object_component>
      <object_component id="oc-1c2">
         <name>.debug_info</name>
         <load_address>0xb5cc</load_address>
         <run_address>0xb5cc</run_address>
         <size>0x9f</size>
         <input_file_ref idref="fl-74"/>
      </object_component>
      <object_component id="oc-12d">
         <name>.debug_info</name>
         <load_address>0xb66b</load_address>
         <run_address>0xb66b</run_address>
         <size>0x1f1</size>
         <input_file_ref idref="fl-75"/>
      </object_component>
      <object_component id="oc-18f">
         <name>.debug_info</name>
         <load_address>0xb85c</load_address>
         <run_address>0xb85c</run_address>
         <size>0x71</size>
         <input_file_ref idref="fl-76"/>
      </object_component>
      <object_component id="oc-180">
         <name>.debug_info</name>
         <load_address>0xb8cd</load_address>
         <run_address>0xb8cd</run_address>
         <size>0x28b</size>
         <input_file_ref idref="fl-77"/>
      </object_component>
      <object_component id="oc-189">
         <name>.debug_info</name>
         <load_address>0xbb58</load_address>
         <run_address>0xbb58</run_address>
         <size>0x7b</size>
         <input_file_ref idref="fl-78"/>
      </object_component>
      <object_component id="oc-d2">
         <name>.debug_info</name>
         <load_address>0xbbd3</load_address>
         <run_address>0xbbd3</run_address>
         <size>0x30c</size>
         <input_file_ref idref="fl-79"/>
      </object_component>
      <object_component id="oc-1ca">
         <name>.debug_info</name>
         <load_address>0xbedf</load_address>
         <run_address>0xbedf</run_address>
         <size>0x201</size>
         <input_file_ref idref="fl-7a"/>
      </object_component>
      <object_component id="oc-162">
         <name>.debug_info</name>
         <load_address>0xc0e0</load_address>
         <run_address>0xc0e0</run_address>
         <size>0xc1</size>
         <input_file_ref idref="fl-7b"/>
      </object_component>
      <object_component id="oc-16f">
         <name>.debug_info</name>
         <load_address>0xc1a1</load_address>
         <run_address>0xc1a1</run_address>
         <size>0xea</size>
         <input_file_ref idref="fl-7c"/>
      </object_component>
      <object_component id="oc-15f">
         <name>.debug_info</name>
         <load_address>0xc28b</load_address>
         <run_address>0xc28b</run_address>
         <size>0x181</size>
         <input_file_ref idref="fl-7d"/>
      </object_component>
      <object_component id="oc-166">
         <name>.debug_info</name>
         <load_address>0xc40c</load_address>
         <run_address>0xc40c</run_address>
         <size>0xf2</size>
         <input_file_ref idref="fl-7e"/>
      </object_component>
      <object_component id="oc-176">
         <name>.debug_info</name>
         <load_address>0xc4fe</load_address>
         <run_address>0xc4fe</run_address>
         <size>0x1f2</size>
         <input_file_ref idref="fl-7f"/>
      </object_component>
      <object_component id="oc-173">
         <name>.debug_info</name>
         <load_address>0xc6f0</load_address>
         <run_address>0xc6f0</run_address>
         <size>0x137</size>
         <input_file_ref idref="fl-80"/>
      </object_component>
      <object_component id="oc-16a">
         <name>.debug_info</name>
         <load_address>0xc827</load_address>
         <run_address>0xc827</run_address>
         <size>0xfc</size>
         <input_file_ref idref="fl-81"/>
      </object_component>
      <object_component id="oc-1a0">
         <name>.debug_info</name>
         <load_address>0xc923</load_address>
         <run_address>0xc923</run_address>
         <size>0x16c</size>
         <input_file_ref idref="fl-82"/>
      </object_component>
      <object_component id="oc-50">
         <name>.debug_info</name>
         <load_address>0xca8f</load_address>
         <run_address>0xca8f</run_address>
         <size>0x1a1</size>
         <input_file_ref idref="fl-84"/>
      </object_component>
      <object_component id="oc-79">
         <name>.debug_info</name>
         <load_address>0xcc30</load_address>
         <run_address>0xcc30</run_address>
         <size>0x1c1</size>
         <input_file_ref idref="fl-85"/>
      </object_component>
      <object_component id="oc-f4">
         <name>.debug_info</name>
         <load_address>0xcdf1</load_address>
         <run_address>0xcdf1</run_address>
         <size>0x1c4</size>
         <input_file_ref idref="fl-86"/>
      </object_component>
      <object_component id="oc-14a">
         <name>.debug_info</name>
         <load_address>0xcfb5</load_address>
         <run_address>0xcfb5</run_address>
         <size>0x85</size>
         <input_file_ref idref="fl-87"/>
      </object_component>
      <object_component id="oc-12a">
         <name>.debug_info</name>
         <load_address>0xd03a</load_address>
         <run_address>0xd03a</run_address>
         <size>0x3cf</size>
         <input_file_ref idref="fl-88"/>
      </object_component>
      <object_component id="oc-8b">
         <name>.debug_info</name>
         <load_address>0xd409</load_address>
         <run_address>0xd409</run_address>
         <size>0x2f1</size>
         <input_file_ref idref="fl-89"/>
      </object_component>
      <object_component id="oc-c8">
         <name>.debug_info</name>
         <load_address>0xd6fa</load_address>
         <run_address>0xd6fa</run_address>
         <size>0x23b</size>
         <input_file_ref idref="fl-8a"/>
      </object_component>
      <object_component id="oc-21c">
         <name>.debug_info</name>
         <load_address>0xd935</load_address>
         <run_address>0xd935</run_address>
         <size>0xbe</size>
      </object_component>
      <object_component id="oc-a4">
         <name>.debug_ranges</name>
         <load_address>0x0</load_address>
         <run_address>0x0</run_address>
         <size>0x58</size>
         <input_file_ref idref="fl-2"/>
      </object_component>
      <object_component id="oc-3f">
         <name>.debug_ranges</name>
         <load_address>0x58</load_address>
         <run_address>0x58</run_address>
         <size>0x58</size>
         <input_file_ref idref="fl-6"/>
      </object_component>
      <object_component id="oc-99">
         <name>.debug_ranges</name>
         <load_address>0xb0</load_address>
         <run_address>0xb0</run_address>
         <size>0x58</size>
         <input_file_ref idref="fl-7"/>
      </object_component>
      <object_component id="oc-11a">
         <name>.debug_ranges</name>
         <load_address>0x108</load_address>
         <run_address>0x108</run_address>
         <size>0x28</size>
         <input_file_ref idref="fl-8"/>
      </object_component>
      <object_component id="oc-9c">
         <name>.debug_ranges</name>
         <load_address>0x130</load_address>
         <run_address>0x130</run_address>
         <size>0x1f8</size>
         <input_file_ref idref="fl-9"/>
      </object_component>
      <object_component id="oc-31">
         <name>.debug_ranges</name>
         <load_address>0x328</load_address>
         <run_address>0x328</run_address>
         <size>0x68</size>
         <input_file_ref idref="fl-b"/>
      </object_component>
      <object_component id="oc-39">
         <name>.debug_ranges</name>
         <load_address>0x390</load_address>
         <run_address>0x390</run_address>
         <size>0x68</size>
         <input_file_ref idref="fl-d"/>
      </object_component>
      <object_component id="oc-35">
         <name>.debug_ranges</name>
         <load_address>0x3f8</load_address>
         <run_address>0x3f8</run_address>
         <size>0x20</size>
         <input_file_ref idref="fl-10"/>
      </object_component>
      <object_component id="oc-29">
         <name>.debug_ranges</name>
         <load_address>0x418</load_address>
         <run_address>0x418</run_address>
         <size>0x20</size>
         <input_file_ref idref="fl-12"/>
      </object_component>
      <object_component id="oc-d6">
         <name>.debug_ranges</name>
         <load_address>0x438</load_address>
         <run_address>0x438</run_address>
         <size>0x28</size>
         <input_file_ref idref="fl-2a"/>
      </object_component>
      <object_component id="oc-ad">
         <name>.debug_ranges</name>
         <load_address>0x460</load_address>
         <run_address>0x460</run_address>
         <size>0x18</size>
         <input_file_ref idref="fl-2c"/>
      </object_component>
      <object_component id="oc-150">
         <name>.debug_ranges</name>
         <load_address>0x478</load_address>
         <run_address>0x478</run_address>
         <size>0x20</size>
         <input_file_ref idref="fl-2d"/>
      </object_component>
      <object_component id="oc-67">
         <name>.debug_ranges</name>
         <load_address>0x498</load_address>
         <run_address>0x498</run_address>
         <size>0xe0</size>
         <input_file_ref idref="fl-2f"/>
      </object_component>
      <object_component id="oc-58">
         <name>.debug_ranges</name>
         <load_address>0x578</load_address>
         <run_address>0x578</run_address>
         <size>0x18</size>
         <input_file_ref idref="fl-30"/>
      </object_component>
      <object_component id="oc-4c">
         <name>.debug_ranges</name>
         <load_address>0x590</load_address>
         <run_address>0x590</run_address>
         <size>0x30</size>
         <input_file_ref idref="fl-32"/>
      </object_component>
      <object_component id="oc-47">
         <name>.debug_ranges</name>
         <load_address>0x5c0</load_address>
         <run_address>0x5c0</run_address>
         <size>0x48</size>
         <input_file_ref idref="fl-33"/>
      </object_component>
      <object_component id="oc-13a">
         <name>.debug_ranges</name>
         <load_address>0x608</load_address>
         <run_address>0x608</run_address>
         <size>0x18</size>
         <input_file_ref idref="fl-36"/>
      </object_component>
      <object_component id="oc-184">
         <name>.debug_ranges</name>
         <load_address>0x620</load_address>
         <run_address>0x620</run_address>
         <size>0x18</size>
         <input_file_ref idref="fl-37"/>
      </object_component>
      <object_component id="oc-b2">
         <name>.debug_ranges</name>
         <load_address>0x638</load_address>
         <run_address>0x638</run_address>
         <size>0xa8</size>
         <input_file_ref idref="fl-39"/>
      </object_component>
      <object_component id="oc-178">
         <name>.debug_ranges</name>
         <load_address>0x6e0</load_address>
         <run_address>0x6e0</run_address>
         <size>0x20</size>
         <input_file_ref idref="fl-7f"/>
      </object_component>
      <object_component id="oc-1a1">
         <name>.debug_ranges</name>
         <load_address>0x700</load_address>
         <run_address>0x700</run_address>
         <size>0x18</size>
[...]
         <name>SPI_Init</name>
         <value>0x9d1</value>
         <object_component_ref idref="oc-158"/>
      </symbol>
      <symbol id="sm-8b">
         <name>SPI_Reset</name>
         <value>0x1849</value>
         <object_component_ref idref="oc-19b"/>
      </symbol>
      <symbol id="sm-8c">
         <name>SPI_OutData</name>
         <value>0x197d</value>
         <object_component_ref idref="oc-11d"/>
      </symbol>
      <symbol id="sm-8d">
         <name>SPI_OutCommand</name>
         <value>0x1801</value>
         <object_component_ref idref="oc-118"/>
      </symbol>
      <symbol id="sm-e7">
         <name>ST7735_SetCursor</name>
         <value>0x1a21</value>
         <object_component_ref idref="oc-a7"/>
      </symbol>
      <symbol id="sm-e8">
         <name>ST7735_FillScreen</name>
         <value>0x1bbd</value>
         <object_component_ref idref="oc-9f"/>
      </symbol>
      <symbol id="sm-e9">
         <name>StTextColor</name>
         <value>0x20200208</value>
         <object_component_ref idref="oc-f1"/>
      </symbol>
      <symbol id="sm-ea">
         <name>StX</name>
         <value>0x202001f4</value>
         <object_component_ref idref="oc-ef"/>
      </symbol>
      <symbol id="sm-eb">
         <name>StY</name>
         <value>0x202001f8</value>
         <object_component_ref idref="oc-f0"/>
      </symbol>
      <symbol id="sm-ec">
         <name>ST7735_FillRect</name>
         <value>0x7b9</value>
         <object_component_ref idref="oc-ea"/>
      </symbol>
      <symbol id="sm-ed">
         <name>ST7735_InitR</name>
         <value>0xf4d</value>
         <object_component_ref idref="oc-ce"/>
      </symbol>
      <symbol id="sm-ee">
         <name>ST7735_DrawPixel</name>
         <value>0x12f9</value>
         <object_component_ref idref="oc-147"/>
      </symbol>
      <symbol id="sm-ef">
         <name>ST7735_DrawCharS</name>
         <value>0x275</value>
         <object_component_ref idref="oc-ee"/>
      </symbol>
      <symbol id="sm-f0">
         <name>ST7735_DrawString</name>
         <value>0x10f1</value>
         <object_component_ref idref="oc-ed"/>
      </symbol>
      <symbol id="sm-f1">
         <name>fillmessage</name>
         <value>0x167d</value>
         <object_component_ref idref="oc-fa"/>
      </symbol>
      <symbol id="sm-f2">
         <name>Messageindex</name>
         <value>0x202005f8</value>
      </symbol>
      <symbol id="sm-f3">
         <name>Message</name>
         <value>0x202005e0</value>
      </symbol>
      <symbol id="sm-f4">
         <name>ST7735_OutUDec</name>
         <value>0x1175</value>
         <object_component_ref idref="oc-a8"/>
      </symbol>
      <symbol id="sm-f5">
         <name>ST7735_OutChar</name>
         <value>0xc91</value>
         <object_component_ref idref="oc-a1"/>
      </symbol>
      <symbol id="sm-f6">
         <name>ST7735_OutString</name>
         <value>0x1ce1</value>
         <object_component_ref idref="oc-a0"/>
      </symbol>
      <symbol id="sm-f7">
         <name>ST7735_open</name>
         <value>0x1d5d</value>
         <object_component_ref idref="oc-e4"/>
      </symbol>
      <symbol id="sm-f8">
         <name>ST7735_close</name>
         <value>0x1e37</value>
         <object_component_ref idref="oc-e5"/>
      </symbol>
      <symbol id="sm-f9">
         <name>ST7735_read</name>
         <value>0x1d73</value>
         <object_component_ref idref="oc-e2"/>
      </symbol>
      <symbol id="sm-fa">
         <name>ST7735_write</name>
         <value>0x1a55</value>
         <object_component_ref idref="oc-e1"/>
      </symbol>
      <symbol id="sm-fb">
         <name>ST7735_lseek</name>
         <value>0x1dd1</value>
         <object_component_ref idref="oc-e0"/>
      </symbol>
      <symbol id="sm-fc">
         <name>ST7735_unlink</name>
         <value>0x1e41</value>
         <object_component_ref idref="oc-df"/>
      </symbol>
      <symbol id="sm-fd">
         <name>ST7735_rename</name>
         <value>0x1e15</value>
         <object_component_ref idref="oc-de"/>
      </symbol>
      <symbol id="sm-fe">
         <name>ST7735_InitPrintf</name>
         <value>0xeb1</value>
         <object_component_ref idref="oc-9a"/>
      </symbol>
      <symbol id="sm-108">
         <name>SysTick_Handler</name>
         <value>0xeaf</value>
         <object_component_ref idref="oc-2e"/>
      </symbol>
      <symbol id="sm-113">
         <name>TIMG7_IRQHandler</name>
         <value>0x1889</value>
         <object_component_ref idref="oc-38"/>
      </symbol>
      <symbol id="sm-114">
         <name>TExaSadc</name>
         <value>0x20200600</value>
      </symbol>
      <symbol id="sm-115">
         <name>TExaSLogic</name>
         <value>0x202005fc</value>
      </symbol>
      <symbol id="sm-121">
         <name>UART2_IRQHandler</name>
         <value>0x1be9</value>
         <object_component_ref idref="oc-33"/>
      </symbol>
      <symbol id="sm-12f">
         <name>Default_Handler</name>
         <value>0x1e5d</value>
         <object_component_ref idref="oc-2c"/>
      </symbol>
      <symbol id="sm-130">
         <name>Reset_Handler</name>
         <value>0x1e65</value>
         <object_component_ref idref="oc-28"/>
      </symbol>
      <symbol id="sm-131">
         <name>HardFault_Handler</name>
         <value>0x1e61</value>
         <object_component_ref idref="oc-2d"/>
      </symbol>
      <symbol id="sm-132">
         <name>interruptVectors</name>
         <value>0x0</value>
         <object_component_ref idref="oc-18"/>
      </symbol>
      <symbol id="sm-133">
         <name>NMI_Handler</name>
         <value>0x1e5d</value>
         <object_component_ref idref="oc-2c"/>
      </symbol>
      <symbol id="sm-134">
         <name>SVC_Handler</name>
         <value>0x1e5d</value>
         <object_component_ref idref="oc-2c"/>
      </symbol>
      <symbol id="sm-135">
         <name>PendSV_Handler</name>
         <value>0x1e5d</value>
         <object_component_ref idref="oc-2c"/>
      </symbol>
      <symbol id="sm-136">
         <name>GROUP0_IRQHandler</name>
         <value>0x1e5d</value>
         <object_component_ref idref="oc-2c"/>
      </symbol>
      <symbol id="sm-137">
         <name>GROUP1_IRQHandler</name>
         <value>0x1e5d</value>
         <object_component_ref idref="oc-2c"/>
      </symbol>
      <symbol id="sm-138">
         <name>TIMG8_IRQHandler</name>
         <value>0x1e5d</value>
         <object_component_ref idref="oc-2c"/>
      </symbol>
      <symbol id="sm-139">
         <name>UART3_IRQHandler</name>
         <value>0x1e5d</value>
         <object_component_ref idref="oc-2c"/>
      </symbol>
      <symbol id="sm-13a">
         <name>ADC0_IRQHandler</name>
         <value>0x1e5d</value>
         <object_component_ref idref="oc-2c"/>
      </symbol>
      <symbol id="sm-13b">
         <name>ADC1_IRQHandler</name>
         <value>0x1e5d</value>
         <object_component_ref idref="oc-2c"/>
      </symbol>
      <symbol id="sm-13c">
         <name>CANFD0_IRQHandler</name>
         <value>0x1e5d</value>
         <object_component_ref idref="oc-2c"/>
      </symbol>
      <symbol id="sm-13d">
         <name>DAC0_IRQHandler</name>
         <value>0x1e5d</value>
         <object_component_ref idref="oc-2c"/>
      </symbol>
      <symbol id="sm-13e">
         <name>SPI0_IRQHandler</name>
         <value>0x1e5d</value>
         <object_component_ref idref="oc-2c"/>
      </symbol>
      <symbol id="sm-13f">
         <name>SPI1_IRQHandler</name>
         <value>0x1e5d</value>
         <object_component_ref idref="oc-2c"/>
      </symbol>
      <symbol id="sm-140">
         <name>UART1_IRQHandler</name>
         <value>0x1e5d</value>
         <object_component_ref idref="oc-2c"/>
      </symbol>
      <symbol id="sm-141">
         <name>UART0_IRQHandler</name>
         <value>0x1e5d</value>
         <object_component_ref idref="oc-2c"/>
      </symbol>
      <symbol id="sm-142">
         <name>TIMG0_IRQHandler</name>
         <value>0x1e5d</value>
         <object_component_ref idref="oc-2c"/>
      </symbol>
      <symbol id="sm-143">
         <name>TIMG6_IRQHandler</name>
         <value>0x1e5d</value>
         <object_component_ref idref="oc-2c"/>
      </symbol>
      <symbol id="sm-144">
         <name>TIMA0_IRQHandler</name>
         <value>0x1e5d</value>
         <object_component_ref idref="oc-2c"/>
      </symbol>
      <symbol id="sm-145">
         <name>TIMA1_IRQHandler</name>
         <value>0x1e5d</value>
         <object_component_ref idref="oc-2c"/>
      </symbol>
      <symbol id="sm-146">
         <name>I2C0_IRQHandler</name>
         <value>0x1e5d</value>
         <object_component_ref idref="oc-2c"/>
      </symbol>
      <symbol id="sm-147">
         <name>I2C1_IRQHandler</name>
         <value>0x1e5d</value>
         <object_component_ref idref="oc-2c"/>
      </symbol>
      <symbol id="sm-148">
         <name>AES_IRQHandler</name>
         <value>0x1e5d</value>
         <object_component_ref idref="oc-2c"/>
      </symbol>
      <symbol id="sm-149">
         <name>RTC_IRQHandler</name>
         <value>0x1e5d</value>
         <object_component_ref idref="oc-2c"/>
      </symbol>
      <symbol id="sm-14a">
         <name>DMA_IRQHandler</name>
         <value>0x1e5d</value>
         <object_component_ref idref="oc-2c"/>
      </symbol>
      <symbol id="sm-161">
         <name>fopen</name>
         <value>0x11f9</value>
         <object_component_ref idref="oc-d3"/>
      </symbol>
      <symbol id="sm-162">
         <name>__TI_cleanup</name>
         <value>0x1a89</value>
         <object_component_ref idref="oc-13f"/>
      </symbol>
      <symbol id="sm-163">
         <name>freopen</name>
         <value>0x1b59</value>
         <object_component_ref idref="oc-d9"/>
      </symbol>
      <symbol id="sm-16d">
         <name>setvbuf</name>
         <value>0xbb1</value>
         <object_component_ref idref="oc-da"/>
      </symbol>
      <symbol id="sm-17b">
         <name>abort</name>
         <value>0x1e6d</value>
         <object_component_ref idref="oc-aa"/>
      </symbol>
      <symbol id="sm-17c">
         <name>C$$EXIT</name>
         <value>0x1e6c</value>
         <object_component_ref idref="oc-aa"/>
      </symbol>
      <symbol id="sm-17d">
         <name>__TI_cleanup_ptr</name>
         <value>0x202001e8</value>
         <object_component_ref idref="oc-10d"/>
      </symbol>
      <symbol id="sm-17e">
         <name>__TI_dtors_ptr</name>
         <value>0x202001ec</value>
         <object_component_ref idref="oc-10d"/>
      </symbol>
      <symbol id="sm-17f">
         <name>exit</name>
         <value>0x1b25</value>
         <object_component_ref idref="oc-af"/>
      </symbol>
      <symbol id="sm-188">
         <name>_nop</name>
         <value>0x1e71</value>
         <object_component_ref idref="oc-14f"/>
      </symbol>
      <symbol id="sm-189">
         <name>_lock</name>
         <value>0x20200200</value>
         <object_component_ref idref="oc-10b"/>
      </symbol>
      <symbol id="sm-18a">
         <name>_unlock</name>
         <value>0x20200204</value>
         <object_component_ref idref="oc-10e"/>
      </symbol>
      <symbol id="sm-18f">
         <name>_ftable</name>
         <value>0x20200000</value>
         <object_component_ref idref="oc-e6"/>
      </symbol>
      <symbol id="sm-190">
         <name>__TI_ft_end</name>
         <value>0x202001fc</value>
         <object_component_ref idref="oc-133"/>
      </symbol>
      <symbol id="sm-191">
         <name>__TI_tmpnams</name>
         <value>0x20200540</value>
      </symbol>
      <symbol id="sm-1b1">
         <name>malloc</name>
         <value>0x1e21</value>
         <object_component_ref idref="oc-13e"/>
      </symbol>
      <symbol id="sm-1b2">
         <name>aligned_alloc</name>
         <value>0x551</value>
         <object_component_ref idref="oc-195"/>
      </symbol>
      <symbol id="sm-1b3">
         <name>free</name>
         <value>0x8d1</value>
         <object_component_ref idref="oc-13c"/>
      </symbol>
      <symbol id="sm-1b4">
         <name>_sys_memory</name>
         <value>0x20200220</value>
         <object_component_ref idref="oc-26"/>
      </symbol>
      <symbol id="sm-1b5">
         <name>memalign</name>
         <value>0x551</value>
         <object_component_ref idref="oc-195"/>
      </symbol>
      <symbol id="sm-1bf">
         <name>__TI_zero_init_nomemset</name>
         <value>0x1d89</value>
         <object_component_ref idref="oc-54"/>
      </symbol>
      <symbol id="sm-1c8">
         <name>__TI_decompress_none</name>
         <value>0x1daf</value>
         <object_component_ref idref="oc-20"/>
      </symbol>
      <symbol id="sm-1d3">
         <name>__TI_decompress_lzss</name>
         <value>0x14a5</value>
         <object_component_ref idref="oc-1c"/>
      </symbol>
      <symbol id="sm-1de">
         <name>_c_int00_noargs</name>
         <value>0x1cb9</value>
         <object_component_ref idref="oc-5d"/>
      </symbol>
      <symbol id="sm-1df">
         <name>__stack</name>
         <value>0x20207e00</value>
         <object_component_ref idref="oc-1a"/>
      </symbol>
      <symbol id="sm-1ec">
         <name>__TI_closefile</name>
         <value>0x127d</value>
         <object_component_ref idref="oc-136"/>
      </symbol>
      <symbol id="sm-1f6">
         <name>__TI_doflush</name>
         <value>0x16d1</value>
         <object_component_ref idref="oc-182"/>
      </symbol>
      <symbol id="sm-202">
         <name>__TI_auto_init_nobinit_nopinit</name>
         <value>0x1909</value>
         <object_component_ref idref="oc-b1"/>
      </symbol>
      <symbol id="sm-20a">
         <name>_system_pre_init</name>
         <value>0x1e69</value>
         <object_component_ref idref="oc-7b"/>
      </symbol>
      <symbol id="sm-215">
         <name>write</name>
         <value>0x1c91</value>
         <object_component_ref idref="oc-1c0"/>
      </symbol>
      <symbol id="sm-21a">
         <name>_device</name>
         <value>0x202000f0</value>
         <object_component_ref idref="oc-12c"/>
      </symbol>
      <symbol id="sm-21b">
         <name>_stream</name>
         <value>0x20200168</value>
         <object_component_ref idref="oc-1bc"/>
      </symbol>
      <symbol id="sm-224">
         <name>remove</name>
         <value>0x1e4b</value>
         <object_component_ref idref="oc-18c"/>
      </symbol>
      <symbol id="sm-230">
         <name>open</name>
         <value>0xd65</value>
         <object_component_ref idref="oc-17e"/>
      </symbol>
      <symbol id="sm-23a">
         <name>close</name>
         <value>0x1721</value>
         <object_component_ref idref="oc-188"/>
      </symbol>
      <symbol id="sm-246">
         <name>add_device</name>
         <value>0xac9</value>
         <object_component_ref idref="oc-cf"/>
      </symbol>
      <symbol id="sm-250">
         <name>unlink</name>
         <value>0x1c15</value>
         <object_component_ref idref="oc-1c9"/>
      </symbol>
      <symbol id="sm-25a">
         <name>HOSTclose</name>
         <value>0x1771</value>
         <object_component_ref idref="oc-161"/>
      </symbol>
      <symbol id="sm-264">
         <name>HOSTlseek</name>
         <value>0x13d5</value>
         <object_component_ref idref="oc-16d"/>
      </symbol>
      <symbol id="sm-26e">
         <name>HOSTopen</name>
         <value>0x1571</value>
         <object_component_ref idref="oc-15d"/>
      </symbol>
      <symbol id="sm-26f">
         <name>parmbuf</name>
         <value>0x202005ec</value>
      </symbol>
      <symbol id="sm-279">
         <name>HOSTread</name>
         <value>0x15cd</value>
         <object_component_ref idref="oc-165"/>
      </symbol>
      <symbol id="sm-28a">
         <name>HOSTrename</name>
         <value>0x143d</value>
         <object_component_ref idref="oc-175"/>
      </symbol>
      <symbol id="sm-294">
         <name>HOSTunlink</name>
         <value>0x17b9</value>
         <object_component_ref idref="oc-171"/>
      </symbol>
      <symbol id="sm-29e">
         <name>HOSTwrite</name>
         <value>0x1625</value>
         <object_component_ref idref="oc-169"/>
      </symbol>
      <symbol id="sm-2ac">
         <name>C$$IO$$</name>
         <value>0x1b1b</value>
         <object_component_ref idref="oc-19c"/>
      </symbol>
      <symbol id="sm-2ad">
         <name>__TI_writemsg</name>
         <value>0x1af1</value>
         <object_component_ref idref="oc-19c"/>
      </symbol>
      <symbol id="sm-2ae">
         <name>__CIOBUF_</name>
         <value>0x20200420</value>
         <object_component_ref idref="oc-1d3"/>
      </symbol>
      <symbol id="sm-2af">
         <name>__TI_readmsg</name>
         <value>0x1abd</value>
         <object_component_ref idref="oc-1a2"/>
      </symbol>
      <symbol id="sm-2b0">
         <name>_CIOBUF_</name>
         <value>0x20200420</value>
         <object_component_ref idref="oc-1d3"/>
      </symbol>
      <symbol id="sm-2b6">
         <name>__aeabi_memcpy</name>
         <value>0x1e55</value>
         <object_component_ref idref="oc-4d"/>
      </symbol>
      <symbol id="sm-2b7">
         <name>__aeabi_memcpy4</name>
         <value>0x1e55</value>
         <object_component_ref idref="oc-4d"/>
      </symbol>
      <symbol id="sm-2b8">
         <name>__aeabi_memcpy8</name>
         <value>0x1e55</value>
         <object_component_ref idref="oc-4d"/>
      </symbol>
      <symbol id="sm-2be">
         <name>__aeabi_memset</name>
         <value>0x1d41</value>
         <object_component_ref idref="oc-77"/>
      </symbol>
      <symbol id="sm-2bf">
         <name>__aeabi_memset4</name>
         <value>0x1d41</value>
         <object_component_ref idref="oc-77"/>
      </symbol>
      <symbol id="sm-2c0">
         <name>__aeabi_memset8</name>
         <value>0x1d41</value>
         <object_component_ref idref="oc-77"/>
      </symbol>
      <symbol id="sm-2c1">
         <name>__aeabi_memclr</name>
         <value>0x1d51</value>
         <object_component_ref idref="oc-77"/>
      </symbol>
      <symbol id="sm-2c2">
         <name>__aeabi_memclr4</name>
         <value>0x1d51</value>
         <object_component_ref idref="oc-77"/>
      </symbol>
      <symbol id="sm-2c3">
         <name>__aeabi_memclr8</name>
         <value>0x1d51</value>
         <object_component_ref idref="oc-77"/>
      </symbol>
      <symbol id="sm-2c9">
         <name>__aeabi_uidiv</name>
         <value>0x18c9</value>
         <object_component_ref idref="oc-f2"/>
      </symbol>
      <symbol id="sm-2ca">
         <name>__aeabi_uidivmod</name>
         <value>0x18c9</value>
         <object_component_ref idref="oc-f2"/>
      </symbol>
      <symbol id="sm-2d4">
         <name>__aeabi_idiv0</name>
         <value>0x1e53</value>
         <object_component_ref idref="oc-149"/>
      </symbol>
      <symbol id="sm-2e2">
         <name>finddevice</name>
         <value>0x19b5</value>
         <object_component_ref idref="oc-125"/>
      </symbol>
      <symbol id="sm-2e3">
         <name>getdevice</name>
         <value>0x1369</value>
         <object_component_ref idref="oc-1ba"/>
      </symbol>
      <symbol id="sm-2ec">
         <name>TI_memcpy_small</name>
         <value>0x1d9d</value>
         <object_component_ref idref="oc-8a"/>
      </symbol>
      <symbol id="sm-2f5">
         <name>TI_memset_small</name>
         <value>0x1dfb</value>
         <object_component_ref idref="oc-c4"/>
      </symbol>
      <symbol id="sm-2f6">
         <name>__TI_static_base__</name>
         <value>0x0</value>
      </symbol>
      <symbol id="sm-2f9">
         <name>__mpu_init</name>
         <value>0x0</value>
      </symbol>
      <symbol id="sm-2fa">
         <name>_system_post_cinit</name>
         <value>0x0</value>
      </symbol>
   </symbol_table>
   <title>Link successful</title>
</link_info>
